Component: ARM Compiler 5.06 update 7 (build 960) Tool: armlink [4d3601]

==============================================================================

Section Cross References

    startup_stm32f103xb.o(STACK) refers (Special) to heapauxi.o(.text) for __use_two_region_memory
    startup_stm32f103xb.o(HEAP) refers (Special) to heapauxi.o(.text) for __use_two_region_memory
    startup_stm32f103xb.o(RESET) refers (Special) to heapauxi.o(.text) for __use_two_region_memory
    startup_stm32f103xb.o(RESET) refers to startup_stm32f103xb.o(STACK) for __initial_sp
    startup_stm32f103xb.o(RESET) refers to startup_stm32f103xb.o(.text) for Reset_Handler
    startup_stm32f103xb.o(RESET) refers to stm32f1xx_it.o(i.NMI_Handler) for NMI_Handler
    startup_stm32f103xb.o(RESET) refers to stm32f1xx_it.o(i.HardFault_Handler) for HardFault_Handler
    startup_stm32f103xb.o(RESET) refers to stm32f1xx_it.o(i.MemManage_Handler) for MemManage_Handler
    startup_stm32f103xb.o(RESET) refers to stm32f1xx_it.o(i.BusFault_Handler) for BusFault_Handler
    startup_stm32f103xb.o(RESET) refers to stm32f1xx_it.o(i.UsageFault_Handler) for UsageFault_Handler
    startup_stm32f103xb.o(RESET) refers to port.o(.emb_text) for SVC_Handler
    startup_stm32f103xb.o(RESET) refers to stm32f1xx_it.o(i.DebugMon_Handler) for DebugMon_Handler
    startup_stm32f103xb.o(RESET) refers to port.o(i.SysTick_Handler) for SysTick_Handler
    startup_stm32f103xb.o(RESET) refers to stm32f1xx_it.o(i.DMA1_Channel3_IRQHandler) for DMA1_Channel3_IRQHandler
    startup_stm32f103xb.o(RESET) refers to stm32f1xx_it.o(i.USB_LP_CAN1_RX0_IRQHandler) for USB_LP_CAN1_RX0_IRQHandler
    startup_stm32f103xb.o(RESET) refers to stm32f1xx_it.o(i.TIM1_CC_IRQHandler) for TIM1_CC_IRQHandler
    startup_stm32f103xb.o(RESET) refers to stm32f1xx_it.o(i.TIM2_IRQHandler) for TIM2_IRQHandler
    startup_stm32f103xb.o(.text) refers (Special) to heapauxi.o(.text) for __use_two_region_memory
    startup_stm32f103xb.o(.text) refers to system_stm32f1xx.o(i.SystemInit) for SystemInit
    startup_stm32f103xb.o(.text) refers to __main.o(!!!main) for __main
    startup_stm32f103xb.o(.text) refers to startup_stm32f103xb.o(HEAP) for Heap_Mem
    startup_stm32f103xb.o(.text) refers to startup_stm32f103xb.o(STACK) for Stack_Mem
    main.o(i.HAL_TIM_PeriodElapsedCallback) refers to stm32f1xx_hal.o(i.HAL_IncTick) for HAL_IncTick
    main.o(i.SystemClock_Config) refers to rt_memclr_w.o(.text) for __aeabi_memclr4
    main.o(i.SystemClock_Config) refers to stm32f1xx_hal_rcc.o(i.HAL_RCC_OscConfig) for HAL_RCC_OscConfig
    main.o(i.SystemClock_Config) refers to stm32f1xx_hal_rcc.o(i.HAL_RCC_ClockConfig) for HAL_RCC_ClockConfig
    main.o(i.SystemClock_Config) refers to stm32f1xx_hal_rcc_ex.o(i.HAL_RCCEx_PeriphCLKConfig) for HAL_RCCEx_PeriphCLKConfig
    main.o(i.main) refers to stm32f1xx_hal.o(i.HAL_Init) for HAL_Init
    main.o(i.main) refers to main.o(i.SystemClock_Config) for SystemClock_Config
    main.o(i.main) refers to gpio.o(i.MX_GPIO_Init) for MX_GPIO_Init
    main.o(i.main) refers to dma.o(i.MX_DMA_Init) for MX_DMA_Init
    main.o(i.main) refers to usart.o(i.MX_USART1_UART_Init) for MX_USART1_UART_Init
    main.o(i.main) refers to tim.o(i.MX_TIM1_Init) for MX_TIM1_Init
    main.o(i.main) refers to spi.o(i.MX_SPI1_Init) for MX_SPI1_Init
    main.o(i.main) refers to freertos.o(i.MX_FREERTOS_Init) for MX_FREERTOS_Init
    main.o(i.main) refers to cmsis_os.o(i.osKernelStart) for osKernelStart
    gpio.o(i.MX_GPIO_Init) refers to stm32f1xx_hal_gpio.o(i.HAL_GPIO_WritePin) for HAL_GPIO_WritePin
    gpio.o(i.MX_GPIO_Init) refers to stm32f1xx_hal_gpio.o(i.HAL_GPIO_Init) for HAL_GPIO_Init
    freertos.o(i.LedTask) refers to stm32f1xx_hal_gpio.o(i.HAL_GPIO_TogglePin) for HAL_GPIO_TogglePin
    freertos.o(i.LedTask) refers to cmsis_os.o(i.osDelay) for osDelay
    freertos.o(i.MX_FREERTOS_Init) refers to rt_memcpy_w.o(.text) for __aeabi_memcpy4
    freertos.o(i.MX_FREERTOS_Init) refers to cmsis_os.o(i.osThreadCreate) for osThreadCreate
    freertos.o(i.MX_FREERTOS_Init) refers to freertos.o(.constdata) for .constdata
    freertos.o(i.MX_FREERTOS_Init) refers to freertos.o(.data) for .data
    freertos.o(i.Screen_Show) refers to screen_main.o(i.Screen_TaskSetup) for Screen_TaskSetup
    freertos.o(i.Screen_Show) refers to screen_main.o(i.Screen_TaskLoop) for Screen_TaskLoop
    freertos.o(i.Screen_Show) refers to cmsis_os.o(i.osDelay) for osDelay
    freertos.o(i.StartDefaultTask) refers to usb_device.o(i.MX_USB_DEVICE_Init) for MX_USB_DEVICE_Init
    freertos.o(i.StartDefaultTask) refers to cmsis_os.o(i.osDelay) for osDelay
    freertos.o(i.USB_Recive) refers to cmsis_os.o(i.osDelay) for osDelay
    freertos.o(i.vApplicationGetIdleTaskMemory) refers to freertos.o(.bss) for .bss
    freertos.o(.constdata) refers to freertos.o(.conststring) for .conststring
    freertos.o(.constdata) refers to freertos.o(i.StartDefaultTask) for StartDefaultTask
[...]
    _printf_return_value                     0x00000000   Number         0  printf_stubs.o ABSOLUTE
    _printf_sizespec                         0x00000000   Number         0  printf_stubs.o ABSOLUTE
    _printf_widthprec                        0x00000000   Number         0  printf_stubs.o ABSOLUTE
    __ARM_exceptions_init                     - Undefined Weak Reference
    __alloca_initialize                       - Undefined Weak Reference
    __arm_fini_                               - Undefined Weak Reference
    __arm_preinit_                            - Undefined Weak Reference
    __cpp_initialize__aeabi_                  - Undefined Weak Reference
    __cxa_finalize                            - Undefined Weak Reference
    __sigvec_lookup                           - Undefined Weak Reference
    __user_heap_extent                        - Undefined Weak Reference
    _atexit_init                              - Undefined Weak Reference
    _call_atexit_fns                          - Undefined Weak Reference
    _clock_init                               - Undefined Weak Reference
    _fp_trap_init                             - Undefined Weak Reference
    _fp_trap_shutdown                         - Undefined Weak Reference
    _get_lc_collate                           - Undefined Weak Reference
    _get_lc_monetary                          - Undefined Weak Reference
    _get_lc_time                              - Undefined Weak Reference
    _getenv_init                              - Undefined Weak Reference
    _handle_redirection                       - Undefined Weak Reference
    _initio                                   - Undefined Weak Reference
    _mutex_acquire                            - Undefined Weak Reference
    _mutex_free                               - Undefined Weak Reference
    _mutex_release                            - Undefined Weak Reference
    _printf_mbtowc                            - Undefined Weak Reference
    _printf_wc                                - Undefined Weak Reference
    _rand_init                                - Undefined Weak Reference
    _signal_finish                            - Undefined Weak Reference
    _signal_init                              - Undefined Weak Reference
    _terminateio                              - Undefined Weak Reference
    __Vectors_Size                           0x000000ec   Number         0  startup_stm32f103xb.o ABSOLUTE
    __Vectors                                0x08000000   Data           4  startup_stm32f103xb.o(RESET)
    __Vectors_End                            0x080000ec   Data           0  startup_stm32f103xb.o(RESET)
    __main                                   0x080000ed   Thumb Code     8  __main.o(!!!main)
    __scatterload                            0x080000f5   Thumb Code     0  __scatter.o(!!!scatter)
    __scatterload_rt2                        0x080000f5   Thumb Code    44  __scatter.o(!!!scatter)
    __scatterload_rt2_thumb_only             0x080000f5   Thumb Code     0  __scatter.o(!!!scatter)
    __scatterload_null                       0x08000103   Thumb Code     0  __scatter.o(!!!scatter)
    __decompress                             0x08000129   Thumb Code    90  __dczerorl2.o(!!dczerorl2)
    __decompress1                            0x08000129   Thumb Code     0  __dczerorl2.o(!!dczerorl2)
    __scatterload_zeroinit                   0x08000185   Thumb Code    28  __scatter_zi.o(!!handler_zi)
    __rt_lib_init                            0x080001a1   Thumb Code     0  libinit.o(.ARM.Collect$$libinit$$00000000)
    __rt_lib_init_fp_1                       0x080001a3   Thumb Code     0  libinit2.o(.ARM.Collect$$libinit$$00000002)
    __rt_lib_init_heap_2                     0x080001a3   Thumb Code     0  libinit2.o(.ARM.Collect$$libinit$$00000005)
    __rt_lib_init_preinit_1                  0x080001a3   Thumb Code     0  libinit2.o(.ARM.Collect$$libinit$$00000004)
    __rt_lib_init_alloca_1                   0x080001ab   Thumb Code     0  libinit2.o(.ARM.Collect$$libinit$$0000002E)
    __rt_lib_init_argv_1                     0x080001ab   Thumb Code     0  libinit2.o(.ARM.Collect$$libinit$$0000002C)
    __rt_lib_init_atexit_1                   0x080001ab   Thumb Code     0  libinit2.o(.ARM.Collect$$libinit$$0000001B)
    __rt_lib_init_clock_1                    0x080001ab   Thumb Code     0  libinit2.o(.ARM.Collect$$libinit$$00000021)
    __rt_lib_init_cpp_1                      0x080001ab   Thumb Code     0  libinit2.o(.ARM.Collect$$libinit$$00000032)
    __rt_lib_init_exceptions_1               0x080001ab   Thumb Code     0  libinit2.o(.ARM.Collect$$libinit$$00000030)
    __rt_lib_init_fp_trap_1                  0x080001ab   Thumb Code     0  libinit2.o(.ARM.Collect$$libinit$$0000001F)
    __rt_lib_init_getenv_1                   0x080001ab   Thumb Code     0  libinit2.o(.ARM.Collect$$libinit$$00000023)
    __rt_lib_init_heap_1                     0x080001ab   Thumb Code     0  libinit2.o(.ARM.Collect$$libinit$$0000000A)
    __rt_lib_init_lc_collate_1               0x080001ab   Thumb Code     0  libinit2.o(.ARM.Collect$$libinit$$00000011)
    __rt_lib_init_lc_ctype_1                 0x080001ab   Thumb Code     0  libinit2.o(.ARM.Collect$$libinit$$00000013)
    __rt_lib_init_lc_monetary_1              0x080001ab   Thumb Code     0  libinit2.o(.ARM.Collect$$libinit$$00000015)
    __rt_lib_init_lc_numeric_1               0x080001ab   Thumb Code     0  libinit2.o(.ARM.Collect$$libinit$$00000017)
    __rt_lib_init_lc_time_1                  0x080001ab   Thumb Code     0  libinit2.o(.ARM.Collect$$libinit$$00000019)
    __rt_lib_init_rand_1                     0x080001ab   Thumb Code     0  libinit2.o(.ARM.Collect$$libinit$$0000000E)
    __rt_lib_init_return                     0x080001ab   Thumb Code     0  libinit2.o(.ARM.Collect$$libinit$$00000033)
    __rt_lib_init_signal_1                   0x080001ab   Thumb Code     0  libinit2.o(.ARM.Collect$$libinit$$0000001D)
    __rt_lib_init_stdio_1                    0x080001ab   Thumb Code     0  libinit2.o(.ARM.Collect$$libinit$$00000025)
    __rt_lib_init_user_alloc_1               0x080001ab   Thumb Code     0  libinit2.o(.ARM.Collect$$libinit$$0000000C)
    __rt_lib_shutdown                        0x080001ad   Thumb Code     0  libshutdown.o(.ARM.Collect$$libshutdown$$00000000)
    __rt_lib_shutdown_cpp_1                  0x080001af   Thumb Code     0  libshutdown2.o(.ARM.Collect$$libshutdown$$00000004)
    __rt_lib_shutdown_fini_1                 0x080001af   Thumb Code     0  libshutdown2.o(.ARM.Collect$$libshutdown$$00000002)
    __rt_lib_shutdown_fp_trap_1              0x080001af   Thumb Code     0  libshutdown2.o(.ARM.Collect$$libshutdown$$00000009)
    __rt_lib_shutdown_heap_1                 0x080001af   Thumb Code     0  libshutdown2.o(.ARM.Collect$$libshutdown$$00000011)
    __rt_lib_shutdown_return                 0x080001af   Thumb Code     0  libshutdown2.o(.ARM.Collect$$libshutdown$$00000012)
    __rt_lib_shutdown_signal_1               0x080001af   Thumb Code     0  libshutdown2.o(.ARM.Collect$$libshutdown$$0000000C)
    __rt_lib_shutdown_stdio_1                0x080001af   Thumb Code     0  libshutdown2.o(.ARM.Collect$$libshutdown$$00000006)
    __rt_lib_shutdown_user_alloc_1           0x080001af   Thumb Code     0  libshutdown2.o(.ARM.Collect$$libshutdown$$0000000E)
    __rt_entry                               0x080001b1   Thumb Code     0  __rtentry.o(.ARM.Collect$$rtentry$$00000000)
    __rt_entry_presh_1                       0x080001b1   Thumb Code     0  __rtentry2.o(.ARM.Collect$$rtentry$$00000002)
    __rt_entry_sh                            0x080001b1   Thumb Code     0  __rtentry4.o(.ARM.Collect$$rtentry$$00000004)
    __rt_entry_li                            0x080001b7   Thumb Code     0  __rtentry2.o(.ARM.Collect$$rtentry$$0000000A)
    __rt_entry_postsh_1                      0x080001b7   Thumb Code     0  __rtentry2.o(.ARM.Collect$$rtentry$$00000009)
    __rt_entry_main                          0x080001bb   Thumb Code     0  __rtentry2.o(.ARM.Collect$$rtentry$$0000000D)
    __rt_entry_postli_1                      0x080001bb   Thumb Code     0  __rtentry2.o(.ARM.Collect$$rtentry$$0000000C)
    __rt_exit                                0x080001c3   Thumb Code     0  rtexit.o(.ARM.Collect$$rtexit$$00000000)
    __rt_exit_ls                             0x080001c5   Thumb Code     0  rtexit2.o(.ARM.Collect$$rtexit$$00000003)
    __rt_exit_prels_1                        0x080001c5   Thumb Code     0  rtexit2.o(.ARM.Collect$$rtexit$$00000002)
    __rt_exit_exit                           0x080001c9   Thumb Code     0  rtexit2.o(.ARM.Collect$$rtexit$$00000004)
    SVC_Handler                              0x080001d1   Thumb Code    32  port.o(.emb_text)
    __asm___6_port_c_39a90d8d__prvStartFirstTask 0x080001f5   Thumb Code    28  port.o(.emb_text)
    PendSV_Handler                           0x08000215   Thumb Code    72  port.o(.emb_text)
    vPortGetIPSR                             0x08000261   Thumb Code     6  port.o(.emb_text)
    Reset_Handler                            0x08000269   Thumb Code     8  startup_stm32f103xb.o(.text)
    _maybe_terminate_alloc                   0x08000269   Thumb Code     0  maybetermalloc1.o(.emb_text)
    ADC1_2_IRQHandler                        0x08000283   Thumb Code     0  startup_stm32f103xb.o(.text)
    CAN1_RX1_IRQHandler                      0x08000283   Thumb Code     0  startup_stm32f103xb.o(.text)
    CAN1_SCE_IRQHandler                      0x08000283   Thumb Code     0  startup_stm32f103xb.o(.text)
    DMA1_Channel1_IRQHandler                 0x08000283   Thumb Code     0  startup_stm32f103xb.o(.text)
    DMA1_Channel2_IRQHandler                 0x08000283   Thumb Code     0  startup_stm32f103xb.o(.text)
    DMA1_Channel4_IRQHandler                 0x08000283   Thumb Code     0  startup_stm32f103xb.o(.text)
    DMA1_Channel5_IRQHandler                 0x08000283   Thumb Code     0  startup_stm32f103xb.o(.text)
    DMA1_Channel6_IRQHandler                 0x08000283   Thumb Code     0  startup_stm32f103xb.o(.text)
    DMA1_Channel7_IRQHandler                 0x08000283   Thumb Code     0  startup_stm32f103xb.o(.text)
    EXTI0_IRQHandler                         0x08000283   Thumb Code     0  startup_stm32f103xb.o(.text)
    EXTI15_10_IRQHandler                     0x08000283   Thumb Code     0  startup_stm32f103xb.o(.text)
    EXTI1_IRQHandler                         0x08000283   Thumb Code     0  startup_stm32f103xb.o(.text)
    EXTI2_IRQHandler                         0x08000283   Thumb Code     0  startup_stm32f103xb.o(.text)
    EXTI3_IRQHandler                         0x08000283   Thumb Code     0  startup_stm32f103xb.o(.text)
    EXTI4_IRQHandler                         0x08000283   Thumb Code     0  startup_stm32f103xb.o(.text)
    EXTI9_5_IRQHandler                       0x08000283   Thumb Code     0  startup_stm32f103xb.o(.text)
    FLASH_IRQHandler                         0x08000283   Thumb Code     0  startup_stm32f103xb.o(.text)
    I2C1_ER_IRQHandler                       0x08000283   Thumb Code     0  startup_stm32f103xb.o(.text)
    I2C1_EV_IRQHandler                       0x08000283   Thumb Code     0  startup_stm32f103xb.o(.text)
    I2C2_ER_IRQHandler                       0x08000283   Thumb Code     0  startup_stm32f103xb.o(.text)
    I2C2_EV_IRQHandler                       0x08000283   Thumb Code     0  startup_stm32f103xb.o(.text)
    PVD_IRQHandler                           0x08000283   Thumb Code     0  startup_stm32f103xb.o(.text)
    RCC_IRQHandler                           0x08000283   Thumb Code     0  startup_stm32f103xb.o(.text)
    RTC_Alarm_IRQHandler                     0x08000283   Thumb Code     0  startup_stm32f103xb.o(.text)
    RTC_IRQHandler                           0x08000283   Thumb Code     0  startup_stm32f103xb.o(.text)
    SPI1_IRQHandler                          0x08000283   Thumb Code     0  startup_stm32f103xb.o(.text)
    SPI2_IRQHandler                          0x08000283   Thumb Code     0  startup_stm32f103xb.o(.text)
    TAMPER_IRQHandler                        0x08000283   Thumb Code     0  startup_stm32f103xb.o(.text)
    TIM1_BRK_IRQHandler                      0x08000283   Thumb Code     0  startup_stm32f103xb.o(.text)
    TIM1_TRG_COM_IRQHandler                  0x08000283   Thumb Code     0  startup_stm32f103xb.o(.text)
    TIM1_UP_IRQHandler                       0x08000283   Thumb Code     0  startup_stm32f103xb.o(.text)
    TIM3_IRQHandler                          0x08000283   Thumb Code     0  startup_stm32f103xb.o(.text)
    TIM4_IRQHandler                          0x08000283   Thumb Code     0  startup_stm32f103xb.o(.text)
    USART1_IRQHandler                        0x08000283   Thumb Code     0  startup_stm32f103xb.o(.text)
    USART2_IRQHandler                        0x08000283   Thumb Code     0  startup_stm32f103xb.o(.text)
    USART3_IRQHandler                        0x08000283   Thumb Code     0  startup_stm32f103xb.o(.text)
    USBWakeUp_IRQHandler                     0x08000283   Thumb Code     0  startup_stm32f103xb.o(.text)
    USB_HP_CAN1_TX_IRQHandler                0x08000283   Thumb Code     0  startup_stm32f103xb.o(.text)
    WWDG_IRQHandler                          0x08000283   Thumb Code     0  startup_stm32f103xb.o(.text)
    __user_initial_stackheap                 0x08000285   Thumb Code     0  startup_stm32f103xb.o(.text)
    malloc                                   0x080002a9   Thumb Code    94  h1_alloc.o(.text)
    free                                     0x08000307   Thumb Code    78  h1_free.o(.text)
    __aeabi_memcpy                           0x08000355   Thumb Code     0  rt_memcpy_v6.o(.text)
    __rt_memcpy                              0x08000355   Thumb Code   138  rt_memcpy_v6.o(.text)
    _memcpy_lastbytes                        0x080003bb   Thumb Code     0  rt_memcpy_v6.o(.text)
    __aeabi_memcpy4                          0x080003df   Thumb Code     0  rt_memcpy_w.o(.text)
    __aeabi_memcpy8                          0x080003df   Thumb Code     0  rt_memcpy_w.o(.text)
    __rt_memcpy_w                            0x080003df   Thumb Code   100  rt_memcpy_w.o(.text)
    _memcpy_lastbytes_aligned                0x08000427   Thumb Code     0  rt_memcpy_w.o(.text)
    __aeabi_memclr                           0x08000443   Thumb Code     0  rt_memclr.o(.text)
    __rt_memclr                              0x08000443   Thumb Code    68  rt_memclr.o(.text)
    _memset                                  0x08000447   Thumb Code     0  rt_memclr.o(.text)
    __aeabi_memclr4                          0x08000487   Thumb Code     0  rt_memclr_w.o(.text)
    __aeabi_memclr8                          0x08000487   Thumb Code     0  rt_memclr_w.o(.text)
    __rt_memclr_w                            0x08000487   Thumb Code    78  rt_memclr_w.o(.text)
    _memset_w                                0x0800048b   Thumb Code     0  rt_memclr_w.o(.text)
    __use_two_region_memory                  0x080004d5   Thumb Code     2  heapauxi.o(.text)
    __rt_heap_escrow                         0x080004d7   Thumb Code     2  heapauxi.o(.text)
    __rt_heap_expand                         0x080004d9   Thumb Code     2  heapauxi.o(.text)
    __rt_heap_descriptor                     0x080004dd   Thumb Code     8  rt_heap_descriptor_intlibspace.o(.text)
    __use_no_heap                            0x080004e5   Thumb Code     2  hguard.o(.text)
    __heap$guard                             0x080004e7   Thumb Code     2  hguard.o(.text)
    _terminate_user_alloc                    0x080004e9   Thumb Code     2  init_alloc.o(.text)
    _init_user_alloc                         0x080004eb   Thumb Code     2  init_alloc.o(.text)
    __Heap_Full                              0x080004ed   Thumb Code    34  init_alloc.o(.text)
    __Heap_Broken                            0x0800050f   Thumb Code     6  init_alloc.o(.text)
    _init_alloc                              0x08000515   Thumb Code    94  init_alloc.o(.text)
    __Heap_Initialize                        0x08000573   Thumb Code    10  h1_init.o(.text)
    __Heap_DescSize                          0x0800057d   Thumb Code     4  h1_init.o(.text)
    __user_libspace                          0x08000581   Thumb Code     8  libspace.o(.text)
    __user_perproc_libspace                  0x08000581   Thumb Code     0  libspace.o(.text)
    __user_perthread_libspace                0x08000581   Thumb Code     0  libspace.o(.text)
    __Heap_ProvideMemory                     0x08000589   Thumb Code    52  h1_extend.o(.text)
    __rt_SIGRTMEM                            0x080005bd   Thumb Code    14  defsig_rtmem_outer.o(.text)
    __I$use$semihosting                      0x080005cb   Thumb Code     0  use_no_semi.o(.text)
    __use_no_semihosting_swi                 0x080005cb   Thumb Code     2  use_no_semi.o(.text)
    __semihosting_library_function           0x080005cd   Thumb Code     0  indicate_semi.o(.text)
    __user_setup_stackheap                   0x080005cd   Thumb Code    74  sys_stackheap_outer.o(.text)
    exit                                     0x08000617   Thumb Code    18  exit.o(.text)
    __sig_exit                               0x08000629   Thumb Code    10  defsig_exit.o(.text)
    __rt_SIGRTMEM_inner                      0x08000635   Thumb Code    22  defsig_rtmem_inner.o(.text)
    _sys_exit                                0x08000685   Thumb Code     8  sys_exit.o(.text)
    __default_signal_display                 0x08000691   Thumb Code    50  defsig_general.o(.text)
    _ttywrch                                 0x080006c3   Thumb Code    14  sys_wrch.o(.text)
    BusFault_Handler                         0x080006d1   Thumb Code     2  stm32f1xx_it.o(i.BusFault_Handler)
    DMA1_Channel3_IRQHandler                 0x08000795   Thumb Code     6  stm32f1xx_it.o(i.DMA1_Channel3_IRQHandler)
    DebugMon_Handler                         0x080007cb   Thumb Code     2  stm32f1xx_it.o(i.DebugMon_Handler)
    DrawBMP                                  0x080007cd   Thumb Code    58  ntsc.o(i.DrawBMP)
    DrawPoint                                0x08000809   Thumb Code    20  ntsc.o(i.DrawPoint)
    Error_Handler                            0x08000821   Thumb Code     4  main.o(i.Error_Handler)
    HAL_DMA_IRQHandler                       0x08000825   Thumb Code   316  stm32f1xx_hal_dma.o(i.HAL_DMA_IRQHandler)
    HAL_DMA_Init                             0x08000979   Thumb Code    84  stm32f1xx_hal_dma.o(i.HAL_DMA_Init)
    HAL_DMA_Start_IT                         0x080009d5   Thumb Code   112  stm32f1xx_hal_dma.o(i.HAL_DMA_Start_IT)
    HAL_Delay                                0x08000a45   Thumb Code    32  stm32f1xx_hal.o(i.HAL_Delay)
    HAL_GPIO_Init                            0x08000a69   Thumb Code   446  stm32f1xx_hal_gpio.o(i.HAL_GPIO_Init)
    HAL_GPIO_TogglePin                       0x08000c49   Thumb Code    16  stm32f1xx_hal_gpio.o(i.HAL_GPIO_TogglePin)
    HAL_GPIO_WritePin                        0x08000c59   Thumb Code    10  stm32f1xx_hal_gpio.o(i.HAL_GPIO_WritePin)
    HAL_GetTick                              0x08000c65   Thumb Code     6  stm32f1xx_hal.o(i.HAL_GetTick)
    HAL_IncTick                              0x08000c71   Thumb Code    12  stm32f1xx_hal.o(i.HAL_IncTick)
    HAL_Init                                 0x08000c81   Thumb Code    32  stm32f1xx_hal.o(i.HAL_Init)
    HAL_InitTick                             0x08000ca5   Thumb Code   134  stm32f1xx_hal_timebase_tim.o(i.HAL_InitTick)
    HAL_MspInit                              0x08000d3d   Thumb Code    62  stm32f1xx_hal_msp.o(i.HAL_MspInit)
    HAL_NVIC_EnableIRQ                       0x08000d85   Thumb Code    26  stm32f1xx_hal_cortex.o(i.HAL_NVIC_EnableIRQ)
    HAL_NVIC_SetPriority                     0x08000da1   Thumb Code    60  stm32f1xx_hal_cortex.o(i.HAL_NVIC_SetPriority)
    HAL_NVIC_SetPriorityGrouping             0x08000de1   Thumb Code    26  stm32f1xx_hal_cortex.o(i.HAL_NVIC_SetPriorityGrouping)
    HAL_PCDEx_PMAConfig                      0x08000e05   Thumb Code    60  stm32f1xx_hal_pcd_ex.o(i.HAL_PCDEx_PMAConfig)
    HAL_PCDEx_SetConnectionState             0x08000e41   Thumb Code     2  usbd_conf.o(i.HAL_PCDEx_SetConnectionState)
    HAL_PCD_DataInStageCallback              0x08000e43   Thumb Code    18  usbd_conf.o(i.HAL_PCD_DataInStageCallback)
    HAL_PCD_DataOutStageCallback             0x08000e55   Thumb Code    20  usbd_conf.o(i.HAL_PCD_DataOutStageCallback)
    HAL_PCD_EP_Close                         0x08000e69   Thumb Code    76  stm32f1xx_hal_pcd.o(i.HAL_PCD_EP_Close)
    HAL_PCD_EP_ClrStall                      0x08000eb5   Thumb Code    92  stm32f1xx_hal_pcd.o(i.HAL_PCD_EP_ClrStall)
    HAL_PCD_EP_GetRxCount                    0x0800132f   Thumb Code    18  stm32f1xx_hal_pcd.o(i.HAL_PCD_EP_GetRxCount)
    HAL_PCD_EP_Open                          0x08001341   Thumb Code    90  stm32f1xx_hal_pcd.o(i.HAL_PCD_EP_Open)
    HAL_PCD_EP_Receive                       0x0800139b   Thumb Code    46  stm32f1xx_hal_pcd.o(i.HAL_PCD_EP_Receive)
    HAL_PCD_EP_SetStall                      0x080013c9   Thumb Code   114  stm32f1xx_hal_pcd.o(i.HAL_PCD_EP_SetStall)
    HAL_PCD_EP_Transmit                      0x0800143b   Thumb Code    48  stm32f1xx_hal_pcd.o(i.HAL_PCD_EP_Transmit)
    HAL_PCD_IRQHandler                       0x0800146d   Thumb Code   308  stm32f1xx_hal_pcd.o(i.HAL_PCD_IRQHandler)
    HAL_PCD_Init                             0x080015a1   Thumb Code   218  stm32f1xx_hal_pcd.o(i.HAL_PCD_Init)
    HAL_PCD_MspInit                          0x0800167d   Thumb Code    50  usbd_conf.o(i.HAL_PCD_MspInit)
    HAL_PCD_ResetCallback                    0x080016b9   Thumb Code    38  usbd_conf.o(i.HAL_PCD_ResetCallback)
    HAL_PCD_ResumeCallback                   0x080016df   Thumb Code     8  usbd_conf.o(i.HAL_PCD_ResumeCallback)
    HAL_PCD_SOFCallback                      0x080016e7   Thumb Code     8  usbd_conf.o(i.HAL_PCD_SOFCallback)
    HAL_PCD_SetAddress                       0x080016ef   Thumb Code    40  stm32f1xx_hal_pcd.o(i.HAL_PCD_SetAddress)
    HAL_PCD_SetupStageCallback               0x08001717   Thumb Code    14  usbd_conf.o(i.HAL_PCD_SetupStageCallback)
    HAL_PCD_Start                            0x08001725   Thumb Code    50  stm32f1xx_hal_pcd.o(i.HAL_PCD_Start)
    HAL_PCD_SuspendCallback                  0x08001759   Thumb Code    30  usbd_conf.o(i.HAL_PCD_SuspendCallback)
    HAL_RCCEx_PeriphCLKConfig                0x0800177d   Thumb Code   224  stm32f1xx_hal_rcc_ex.o(i.HAL_RCCEx_PeriphCLKConfig)
    HAL_RCC_ClockConfig                      0x08001869   Thumb Code   280  stm32f1xx_hal_rcc.o(i.HAL_RCC_ClockConfig)
    HAL_RCC_GetClockConfig                   0x08001995   Thumb Code    54  stm32f1xx_hal_rcc.o(i.HAL_RCC_GetClockConfig)
    HAL_RCC_GetPCLK1Freq                     0x080019d5   Thumb Code    20  stm32f1xx_hal_rcc.o(i.HAL_RCC_GetPCLK1Freq)
    HAL_RCC_GetPCLK2Freq                     0x080019f5   Thumb Code    20  stm32f1xx_hal_rcc.o(i.HAL_RCC_GetPCLK2Freq)
    HAL_RCC_GetSysClockFreq                  0x08001a15   Thumb Code    58  stm32f1xx_hal_rcc.o(i.HAL_RCC_GetSysClockFreq)
    HAL_RCC_OscConfig                        0x08001a61   Thumb Code   778  stm32f1xx_hal_rcc.o(i.HAL_RCC_OscConfig)
    HAL_SPI_ErrorCallback                    0x08001d81   Thumb Code     2  stm32f1xx_hal_spi.o(i.HAL_SPI_ErrorCallback)
    HAL_SPI_Init                             0x08001d83   Thumb Code   178  stm32f1xx_hal_spi.o(i.HAL_SPI_Init)
    HAL_SPI_MspInit                          0x08001e35   Thumb Code   122  spi.o(i.HAL_SPI_MspInit)
    HAL_SPI_Transmit_DMA                     0x08001ec5   Thumb Code   192  stm32f1xx_hal_spi.o(i.HAL_SPI_Transmit_DMA)
    HAL_SPI_TxCpltCallback                   0x08001f91   Thumb Code     2  stm32f1xx_hal_spi.o(i.HAL_SPI_TxCpltCallback)
    HAL_SPI_TxHalfCpltCallback               0x08001f93   Thumb Code     2  stm32f1xx_hal_spi.o(i.HAL_SPI_TxHalfCpltCallback)
    HAL_TIMEx_BreakCallback                  0x08001f95   Thumb Code     2  stm32f1xx_hal_tim_ex.o(i.HAL_TIMEx_BreakCallback)
    HAL_TIMEx_CommutCallback                 0x08001f97   Thumb Code     2  stm32f1xx_hal_tim_ex.o(i.HAL_TIMEx_CommutCallback)
    HAL_TIMEx_ConfigBreakDeadTime            0x08001f99   Thumb Code    84  stm32f1xx_hal_tim_ex.o(i.HAL_TIMEx_ConfigBreakDeadTime)
    HAL_TIMEx_MasterConfigSynchronization    0x08001fed   Thumb Code    92  stm32f1xx_hal_tim_ex.o(i.HAL_TIMEx_MasterConfigSynchronization)
    HAL_TIM_Base_Init                        0x08002055   Thumb Code    90  stm32f1xx_hal_tim.o(i.HAL_TIM_Base_Init)
    HAL_TIM_Base_MspInit                     0x080020af   Thumb Code     2  stm32f1xx_hal_tim.o(i.HAL_TIM_Base_MspInit)
    HAL_TIM_Base_Start                       0x080020b1   Thumb Code    66  stm32f1xx_hal_tim.o(i.HAL_TIM_Base_Start)
    HAL_TIM_Base_Start_IT                    0x08002101   Thumb Code    76  stm32f1xx_hal_tim.o(i.HAL_TIM_Base_Start_IT)
    HAL_TIM_Base_Stop                        0x08002159   Thumb Code    38  stm32f1xx_hal_tim.o(i.HAL_TIM_Base_Stop)
    HAL_TIM_IC_CaptureCallback               0x0800217f   Thumb Code     2  stm32f1xx_hal_tim.o(i.HAL_TIM_IC_CaptureCallback)
    HAL_TIM_IRQHandler                       0x08002181   Thumb Code   358  stm32f1xx_hal_tim.o(i.HAL_TIM_IRQHandler)
    HAL_TIM_MspPostInit                      0x080022e9   Thumb Code    64  tim.o(i.HAL_TIM_MspPostInit)
    HAL_TIM_OC_ConfigChannel                 0x08002335   Thumb Code    82  stm32f1xx_hal_tim.o(i.HAL_TIM_OC_ConfigChannel)
    HAL_TIM_OC_DelayElapsedCallback          0x08002387   Thumb Code     2  stm32f1xx_hal_tim.o(i.HAL_TIM_OC_DelayElapsedCallback)
    HAL_TIM_OC_Init                          0x08002389   Thumb Code    90  stm32f1xx_hal_tim.o(i.HAL_TIM_OC_Init)
    HAL_TIM_OC_MspInit                       0x080023e5   Thumb Code    50  tim.o(i.HAL_TIM_OC_MspInit)
    HAL_TIM_OC_Start                         0x08002421   Thumb Code   144  stm32f1xx_hal_tim.o(i.HAL_TIM_OC_Start)
    HAL_TIM_OC_Start_IT                      0x080024bd   Thumb Code   188  stm32f1xx_hal_tim.o(i.HAL_TIM_OC_Start_IT)
    HAL_TIM_PWM_ConfigChannel                0x08002585   Thumb Code   204  stm32f1xx_hal_tim.o(i.HAL_TIM_PWM_ConfigChannel)
    HAL_TIM_PWM_Init                         0x08002651   Thumb Code    90  stm32f1xx_hal_tim.o(i.HAL_TIM_PWM_Init)
    HAL_TIM_PWM_MspInit                      0x080026ab   Thumb Code     2  stm32f1xx_hal_tim.o(i.HAL_TIM_PWM_MspInit)
    HAL_TIM_PWM_PulseFinishedCallback        0x080026ad   Thumb Code     2  stm32f1xx_hal_tim.o(i.HAL_TIM_PWM_PulseFinishedCallback)
    HAL_TIM_PWM_Start                        0x080026b1   Thumb Code   144  stm32f1xx_hal_tim.o(i.HAL_TIM_PWM_Start)
    HAL_TIM_PeriodElapsedCallback            0x0800274d   Thumb Code    14  main.o(i.HAL_TIM_PeriodElapsedCallback)
    HAL_TIM_TriggerCallback                  0x0800275b   Thumb Code     2  stm32f1xx_hal_tim.o(i.HAL_TIM_TriggerCallback)
    HAL_UART_Init                            0x0800275d   Thumb Code   100  stm32f1xx_hal_uart.o(i.HAL_UART_Init)
    HAL_UART_MspInit                         0x080027c1   Thumb Code   112  usart.o(i.HAL_UART_MspInit)
    HardFault_Handler                        0x08002841   Thumb Code     2  stm32f1xx_it.o(i.HardFault_Handler)
    LedTask                                  0x0800287d   Thumb Code    26  freertos.o(i.LedTask)
    MX_DMA_Init                              0x0800289d   Thumb Code    40  dma.o(i.MX_DMA_Init)
    MX_FREERTOS_Init                         0x080028c9   Thumb Code    96  freertos.o(i.MX_FREERTOS_Init)
    MX_GPIO_Init                             0x08002931   Thumb Code   156  gpio.o(i.MX_GPIO_Init)
    MX_SPI1_Init                             0x080029d9   Thumb Code    62  spi.o(i.MX_SPI1_Init)
    MX_TIM1_Init                             0x08002a21   Thumb Code   198  tim.o(i.MX_TIM1_Init)
    MX_USART1_UART_Init                      0x08002af1   Thumb Code    48  usart.o(i.MX_USART1_UART_Init)
    MX_USB_DEVICE_Init                       0x08002b29   Thumb Code    66  usb_device.o(i.MX_USB_DEVICE_Init)
    MemManage_Handler                        0x08002b7d   Thumb Code     2  stm32f1xx_it.o(i.MemManage_Handler)
    NMI_Handler                              0x08002b7f   Thumb Code     2  stm32f1xx_it.o(i.NMI_Handler)
    NTSC_SPI_DmaSend                         0x08002b81   Thumb Code    10  ntsc.o(i.NTSC_SPI_DmaSend)
    Ntsc_Adjust                              0x08002b91   Thumb Code    16  ntsc.o(i.Ntsc_Adjust)
    Ntsc_HandleVout                          0x08002ba5   Thumb Code   142  ntsc.o(i.Ntsc_HandleVout)
    Ntsc_Init                                0x08002c45   Thumb Code   192  ntsc.o(i.Ntsc_Init)
    Screen_Show                              0x0800322d   Thumb Code    16  freertos.o(i.Screen_Show)
    Screen_TaskLoop                          0x0800323d   Thumb Code    62  screen_main.o(i.Screen_TaskLoop)
    Screen_TaskSetup                         0x08003295   Thumb Code    38  screen_main.o(i.Screen_TaskSetup)
    ShowChar                                 0x080032c1   Thumb Code    68  ntsc.o(i.ShowChar)
    ShowText                                 0x08003309   Thumb Code    40  ntsc.o(i.ShowText)
    StartDefaultTask                         0x08003335   Thumb Code    12  freertos.o(i.StartDefaultTask)
    SysTick_Handler                          0x08003341   Thumb Code    38  port.o(i.SysTick_Handler)
    SystemClock_Config                       0x0800336d   Thumb Code   118  main.o(i.SystemClock_Config)
    SystemInit                               0x080033e3   Thumb Code     2  system_stm32f1xx.o(i.SystemInit)
    TIM1_CC_IRQHandler                       0x080033e5   Thumb Code    14  stm32f1xx_it.o(i.TIM1_CC_IRQHandler)
    TIM2_IRQHandler                          0x080033f9   Thumb Code     6  stm32f1xx_it.o(i.TIM2_IRQHandler)
    TIM_Base_SetConfig                       0x08003405   Thumb Code    94  stm32f1xx_hal_tim.o(i.TIM_Base_SetConfig)
    TIM_CCxChannelCmd                        0x08003471   Thumb Code    26  stm32f1xx_hal_tim.o(i.TIM_CCxChannelCmd)
    TIM_OC2_SetConfig                        0x080034dd   Thumb Code    84  stm32f1xx_hal_tim.o(i.TIM_OC2_SetConfig)
    USBD_CDC_GetDeviceQualifierDescriptor    0x08003765   Thumb Code     8  usbd_cdc.o(i.USBD_CDC_GetDeviceQualifierDescriptor)
    USBD_CDC_ReceivePacket                   0x08003829   Thumb Code    40  usbd_cdc.o(i.USBD_CDC_ReceivePacket)
    USBD_CDC_RegisterInterface               0x08003851   Thumb Code    16  usbd_cdc.o(i.USBD_CDC_RegisterInterface)
    USBD_CDC_SetRxBuffer                     0x08003861   Thumb Code    12  usbd_cdc.o(i.USBD_CDC_SetRxBuffer)
    USBD_CDC_SetTxBuffer                     0x0800386d   Thumb Code    16  usbd_cdc.o(i.USBD_CDC_SetTxBuffer)
    USBD_ClrClassConfig                      0x08003929   Thumb Code    14  usbd_core.o(i.USBD_ClrClassConfig)
    USBD_CtlContinueRx                       0x08003937   Thumb Code    16  usbd_ioreq.o(i.USBD_CtlContinueRx)
    USBD_CtlContinueSendData                 0x08003947   Thumb Code    16  usbd_ioreq.o(i.USBD_CtlContinueSendData)
    USBD_CtlError                            0x08003957   Thumb Code    22  usbd_ctlreq.o(i.USBD_CtlError)
    USBD_CtlPrepareRx                        0x0800396d   Thumb Code    30  usbd_ioreq.o(i.USBD_CtlPrepareRx)
    USBD_CtlReceiveStatus                    0x0800398b   Thumb Code    22  usbd_ioreq.o(i.USBD_CtlReceiveStatus)
    USBD_CtlSendData                         0x080039a1   Thumb Code    26  usbd_ioreq.o(i.USBD_CtlSendData)
    USBD_CtlSendStatus                       0x080039bb   Thumb Code    22  usbd_ioreq.o(i.USBD_CtlSendStatus)
    USBD_FS_ConfigStrDescriptor              0x080039d1   Thumb Code    16  usbd_desc.o(i.USBD_FS_ConfigStrDescriptor)
    USBD_FS_DeviceDescriptor                 0x080039f1   Thumb Code     8  usbd_desc.o(i.USBD_FS_DeviceDescriptor)
    USBD_FS_InterfaceStrDescriptor           0x080039fd   Thumb Code    16  usbd_desc.o(i.USBD_FS_InterfaceStrDescriptor)
    USBD_FS_LangIDStrDescriptor              0x08003a21   Thumb Code     8  usbd_desc.o(i.USBD_FS_LangIDStrDescriptor)
    USBD_FS_ManufacturerStrDescriptor        0x08003a2d   Thumb Code    16  usbd_desc.o(i.USBD_FS_ManufacturerStrDescriptor)
    USBD_FS_ProductStrDescriptor             0x08003a55   Thumb Code    16  usbd_desc.o(i.USBD_FS_ProductStrDescriptor)
    USBD_FS_SerialStrDescriptor              0x08003a81   Thumb Code    48  usbd_desc.o(i.USBD_FS_SerialStrDescriptor)
    USBD_GetString                           0x08003ba1   Thumb Code    72  usbd_ctlreq.o(i.USBD_GetString)
    USBD_Init                                0x08003c01   Thumb Code    42  usbd_core.o(i.USBD_Init)
    USBD_LL_ClearStallEP                     0x08003c2b   Thumb Code    18  usbd_conf.o(i.USBD_LL_ClearStallEP)
    USBD_LL_CloseEP                          0x08003c3d   Thumb Code    18  usbd_conf.o(i.USBD_LL_CloseEP)
    USBD_LL_DataInStage                      0x08003c4f   Thumb Code   198  usbd_core.o(i.USBD_LL_DataInStage)
    USBD_LL_DataOutStage                     0x08003d15   Thumb Code   130  usbd_core.o(i.USBD_LL_DataOutStage)
    USBD_LL_GetRxDataSize                    0x08003d97   Thumb Code     8  usbd_conf.o(i.USBD_LL_GetRxDataSize)
    USBD_LL_Init                             0x08003da1   Thumb Code   118  usbd_conf.o(i.USBD_LL_Init)
    USBD_LL_IsStallEP                        0x08003e21   Thumb Code    32  usbd_conf.o(i.USBD_LL_IsStallEP)
    USBD_LL_OpenEP                           0x08003e41   Thumb Code    24  usbd_conf.o(i.USBD_LL_OpenEP)
    USBD_LL_PrepareReceive                   0x08003e59   Thumb Code    18  usbd_conf.o(i.USBD_LL_PrepareReceive)
    USBD_LL_Reset                            0x08003e6b   Thumb Code    80  usbd_core.o(i.USBD_LL_Reset)
    USBD_LL_Resume                           0x08003ebb   Thumb Code    20  usbd_core.o(i.USBD_LL_Resume)
    USBD_LL_SOF                              0x08003ecf   Thumb Code    24  usbd_core.o(i.USBD_LL_SOF)
    USBD_LL_SetSpeed                         0x08003ee7   Thumb Code     6  usbd_core.o(i.USBD_LL_SetSpeed)
    USBD_LL_SetUSBAddress                    0x08003eed   Thumb Code    18  usbd_conf.o(i.USBD_LL_SetUSBAddress)
    USBD_LL_SetupStage                       0x08003eff   Thumb Code    90  usbd_core.o(i.USBD_LL_SetupStage)
    USBD_LL_StallEP                          0x08003f59   Thumb Code    18  usbd_conf.o(i.USBD_LL_StallEP)
    USBD_LL_Start                            0x08003f6b   Thumb Code    18  usbd_conf.o(i.USBD_LL_Start)
    USBD_LL_Suspend                          0x08003f7d   Thumb Code    18  usbd_core.o(i.USBD_LL_Suspend)
    USBD_LL_Transmit                         0x08003f8f   Thumb Code    18  usbd_conf.o(i.USBD_LL_Transmit)
    USBD_ParseSetupRequest                   0x08003fa1   Thumb Code    40  usbd_ctlreq.o(i.USBD_ParseSetupRequest)
    USBD_RegisterClass                       0x08003fc9   Thumb Code    16  usbd_core.o(i.USBD_RegisterClass)
    USBD_SetClassConfig                      0x08003fd9   Thumb Code    22  usbd_core.o(i.USBD_SetClassConfig)
    USBD_Start                               0x08004075   Thumb Code    10  usbd_core.o(i.USBD_Start)
    USBD_StdDevReq                           0x0800407f   Thumb Code   274  usbd_ctlreq.o(i.USBD_StdDevReq)
    USBD_StdEPReq                            0x08004191   Thumb Code   336  usbd_ctlreq.o(i.USBD_StdEPReq)
    USBD_StdItfReq                           0x080042e1   Thumb Code    78  usbd_ctlreq.o(i.USBD_StdItfReq)
    USBD_static_free                         0x0800432f   Thumb Code     2  usbd_conf.o(i.USBD_static_free)
    USBD_static_malloc                       0x08004331   Thumb Code     4  usbd_conf.o(i.USBD_static_malloc)
    USB_ActivateEndpoint                     0x08004339   Thumb Code   668  stm32f1xx_ll_usb.o(i.USB_ActivateEndpoint)
    USB_CoreInit                             0x080045d5   Thumb Code     4  stm32f1xx_ll_usb.o(i.USB_CoreInit)
    USB_DeactivateEndpoint                   0x080045d9   Thumb Code   270  stm32f1xx_ll_usb.o(i.USB_DeactivateEndpoint)
    USB_DevConnect                           0x080046e7   Thumb Code     4  stm32f1xx_ll_usb.o(i.USB_DevConnect)
    USB_DevDisconnect                        0x080046eb   Thumb Code     4  stm32f1xx_ll_usb.o(i.USB_DevDisconnect)
    USB_DevInit                              0x080046ef   Thumb Code    18  stm32f1xx_ll_usb.o(i.USB_DevInit)
    USB_DisableGlobalInt                     0x08004701   Thumb Code    14  stm32f1xx_ll_usb.o(i.USB_DisableGlobalInt)
    USB_EP0_OutStart                         0x0800470f   Thumb Code     4  stm32f1xx_ll_usb.o(i.USB_EP0_OutStart)
    USB_EPClearStall                         0x08004713   Thumb Code   120  stm32f1xx_ll_usb.o(i.USB_EPClearStall)
    USB_EPSetStall                           0x0800478b   Thumb Code    50  stm32f1xx_ll_usb.o(i.USB_EPSetStall)
    USB_EPStartXfer                          0x080047bd   Thumb Code  1250  stm32f1xx_ll_usb.o(i.USB_EPStartXfer)
    USB_EnableGlobalInt                      0x08004c9f   Thumb Code    18  stm32f1xx_ll_usb.o(i.USB_EnableGlobalInt)
    USB_LP_CAN1_RX0_IRQHandler               0x08004cb1   Thumb Code     6  stm32f1xx_it.o(i.USB_LP_CAN1_RX0_IRQHandler)
    USB_ReadInterrupts                       0x08004cbd   Thumb Code     6  stm32f1xx_ll_usb.o(i.USB_ReadInterrupts)
    USB_ReadPMA                              0x08004cc5   Thumb Code    44  stm32f1xx_ll_usb.o(i.USB_ReadPMA)
    USB_Recive                               0x08004cf1   Thumb Code     8  freertos.o(i.USB_Recive)
    USB_Reset                                0x08004cf9   Thumb Code    80  screen_main.o(i.USB_Reset)
    USB_SetCurrentMode                       0x08004d51   Thumb Code     4  stm32f1xx_ll_usb.o(i.USB_SetCurrentMode)
    USB_SetDevAddress                        0x08004d55   Thumb Code    12  stm32f1xx_ll_usb.o(i.USB_SetDevAddress)
    USB_WritePMA                             0x08004d61   Thumb Code    38  stm32f1xx_ll_usb.o(i.USB_WritePMA)
    UsageFault_Handler                       0x08004d87   Thumb Code     2  stm32f1xx_it.o(i.UsageFault_Handler)
    main                                     0x08004da9   Thumb Code    38  main.o(i.main)
    osDelay                                  0x08004ddb   Thumb Code    14  cmsis_os.o(i.osDelay)
    osKernelStart                            0x08004de9   Thumb Code    10  cmsis_os.o(i.osKernelStart)
    osThreadCreate                           0x08004df3   Thumb Code    84  cmsis_os.o(i.osThreadCreate)
    pvPortMalloc                             0x0800518d   Thumb Code   210  heap_4.o(i.pvPortMalloc)
    pxPortInitialiseStack                    0x08005265   Thumb Code    32  port.o(i.pxPortInitialiseStack)
    uxListRemove                             0x08005289   Thumb Code    38  list.o(i.uxListRemove)
    vApplicationGetIdleTaskMemory            0x080052b1   Thumb Code    16  freertos.o(i.vApplicationGetIdleTaskMemory)
    vListInitialise                          0x080052c5   Thumb Code    22  list.o(i.vListInitialise)
    vListInitialiseItem                      0x080052db   Thumb Code     6  list.o(i.vListInitialiseItem)
    vListInsert                              0x080052e1   Thumb Code    48  list.o(i.vListInsert)
    vListInsertEnd                           0x08005311   Thumb Code    24  list.o(i.vListInsertEnd)
    vPortEnterCritical                       0x08005329   Thumb Code    54  port.o(i.vPortEnterCritical)
    vPortExitCritical                        0x08005369   Thumb Code    34  port.o(i.vPortExitCritical)
    vPortFree                                0x08005391   Thumb Code    88  heap_4.o(i.vPortFree)
    vPortSetupTimerInterrupt                 0x080053ed   Thumb Code    32  port.o(i.vPortSetupTimerInterrupt)
    vTaskDelay                               0x08005411   Thumb Code    66  tasks.o(i.vTaskDelay)
    vTaskStartScheduler                      0x0800545d   Thumb Code    90  tasks.o(i.vTaskStartScheduler)
    vTaskSuspendAll                          0x080054c9   Thumb Code    10  tasks.o(i.vTaskSuspendAll)
    vTaskSwitchContext                       0x080054d9   Thumb Code    82  tasks.o(i.vTaskSwitchContext)
    xPortStartScheduler                      0x08005535   Thumb Code   154  port.o(i.xPortStartScheduler)
    xTaskCreate                              0x080055dd   Thumb Code    90  tasks.o(i.xTaskCreate)
    xTaskCreateStatic                        0x08005637   Thumb Code    86  tasks.o(i.xTaskCreateStatic)
    xTaskIncrementTick                       0x0800568d   Thumb Code   192  tasks.o(i.xTaskIncrementTick)
    xTaskResumeAll                           0x08005755   Thumb Code   182  tasks.o(i.xTaskResumeAll)
    AHBPrescTable                            0x0800589a   Data          16  system_stm32f1xx.o(.constdata)
    APBPrescTable                            0x080058aa   Data           8  system_stm32f1xx.o(.constdata)
    font8x16_Courier_New                     0x080058b4   Data        1536  ntsc.o(.constdata)
    screen_type                              0x08005eb4   Data          80  ntsc.o(.constdata)
    Region$$Table$$Base                      0x08005f34   Number         0  anon$$obj.o(Region$$Table)
    Region$$Table$$Limit                     0x08005f54   Number         0  anon$$obj.o(Region$$Table)
    defaultTaskHandle                        0x20000000   Data           4  freertos.o(.data)
    checkTASKHandle                          0x20000004   Data           4  freertos.o(.data)
    USB_RecTaskHandle                        0x20000008   Data           4  freertos.o(.data)
    Show_TaskHandle                          0x2000000c   Data           4  freertos.o(.data)
    sp_flag                                  0x20000010   Data           1  stm32f1xx_it.o(.data)
    uwTickFreq                               0x20000014   Data           1  stm32f1xx_hal.o(.data)
    uwTickPrio                               0x20000018   Data           4  stm32f1xx_hal.o(.data)
    uwTick                                   0x2000001c   Data           4  stm32f1xx_hal.o(.data)
    SystemCoreClock                          0x20000020   Data           4  system_stm32f1xx.o(.data)
    pxCurrentTCB                             0x20000024   Data           4  tasks.o(.data)
    FS_Desc                                  0x20000084   Data          28  usbd_desc.o(.data)
    USBD_LangIDDesc                          0x200000a0   Data           4  usbd_desc.o(.data)
    USBD_FS_DeviceDesc                       0x200000a4   Data          18  usbd_desc.o(.data)
    USBD_StringSerial                        0x200000b8   Data          26  usbd_desc.o(.data)
    number                                   0x200000d4   Data           1  usbd_cdc_if.o(.data)
    buf                                      0x200000d5   Data           1  usbd_cdc_if.o(.data)
    disp                                     0x200000d6   Data           1  usbd_cdc_if.o(.data)
    rx_len                                   0x200000d8   Data           4  usbd_cdc_if.o(.data)
    USBD_Interface_fops_FS                   0x200000dc   Data          16  usbd_cdc_if.o(.data)
    USBD_CDC_CfgHSDesc                       0x200000fc   Data          67  usbd_cdc.o(.data)
    USBD_CDC_CfgFSDesc                       0x20000140   Data          67  usbd_cdc.o(.data)
    USBD_CDC_OtherSpeedCfgDesc               0x20000184   Data          67  usbd_cdc.o(.data)
    USBD_CDC                                 0x200001c8   Data          56  usbd_cdc.o(.data)
    flgExtVram                               0x20000201   Data           1  ntsc.o(.data)
    hspi1                                    0x2000047c   Data          88  spi.o(.bss)
    hdma_spi1_tx                             0x200004d4   Data          68  spi.o(.bss)
    htim1                                    0x20000518   Data          72  tim.o(.bss)
    huart1                                   0x20000560   Data          72  usart.o(.bss)
    htim2                                    0x200005a8   Data          72  stm32f1xx_hal_timebase_tim.o(.bss)
    hUsbDeviceFS                             0x200012e0   Data         708  usb_device.o(.bss)
    USBD_StrDesc                             0x200015a4   Data         512  usbd_desc.o(.bss)
    USB_RX_BUF                               0x200017a4   Data        1602  usbd_cdc_if.o(.bss)
    USB_RX_BUF1                              0x20001de6   Data        1602  usbd_cdc_if.o(.bss)
    USB_RX_BUF2                              0x20002428   Data        1602  usbd_cdc_if.o(.bss)
    UserRxBufferFS                           0x20002a6a   Data        1024  usbd_cdc_if.o(.bss)
    UserTxBufferFS                           0x20002e6a   Data        1024  usbd_cdc_if.o(.bss)
    hpcd_USB_FS                              0x2000348c   Data         752  usbd_conf.o(.bss)
    SHOW_TMP_BUFF                            0x2000377c   Data        3024  screen_main.o(.bss)
    __libspace_start                         0x2000434c   Data          96  libspace.o(.bss)
    __temporary_stack_top$libspace           0x200043ac   Data           0  libspace.o(.bss)



==============================================================================

Memory Map of the image

  Image Entry point : 0x080000ed

  Load Region LR_IROM1 (Base: 0x08000000, Size: 0x0000617c, Max: 0x00010000, ABSOLUTE, COMPRESSED[0x00006024])

    Execution Region ER_IROM1 (Exec base: 0x08000000, Load base: 0x08000000, Size: 0x00005f54, Max: 0x00010000, ABSOLUTE)

    Exec Addr    Load Addr    Size         Type   Attr      Idx    E Section Name        Object

    0x08000000   0x08000000   0x000000ec   Data   RO            3    RESET               startup_stm32f103xb.o
    0x080000ec   0x080000ec   0x00000008   Code   RO         6167  * !!!main             c_w.l(__main.o)
    0x080000f4   0x080000f4   0x00000034   Code   RO         6538    !!!scatter          c_w.l(__scatter.o)
    0x08000128   0x08000128   0x0000005a   Code   RO         6536    !!dczerorl2         c_w.l(__dczerorl2.o)
    0x08000182   0x08000182   0x00000002   PAD
    0x08000184   0x08000184   0x0000001c   Code   RO         6540    !!handler_zi        c_w.l(__scatter_zi.o)
    0x080001a0   0x080001a0   0x00000002   Code   RO         6463    .ARM.Collect$$libinit$$00000000  c_w.l(libinit.o)
    0x080001a2   0x080001a2   0x00000000   Code   RO         6293    .ARM.Collect$$libinit$$00000002  c_w.l(libinit2.o)
    0x080001a2   0x080001a2   0x00000000   Code   RO         6295    .ARM.Collect$$libinit$$00000004  c_w.l(libinit2.o)
    0x080001a2   0x080001a2   0x00000008   Code   RO         6296    .ARM.Collect$$libinit$$00000005  c_w.l(libinit2.o)
    0x080001aa   0x080001aa   0x00000000   Code   RO         6298    .ARM.Collect$$libinit$$0000000A  c_w.l(libinit2.o)
    0x080001aa   0x080001aa   0x00000000   Code   RO         6300    .ARM.Collect$$libinit$$0000000C  c_w.l(libinit2.o)
    0x080001aa   0x080001aa   0x00000000   Code   RO         6302    .ARM.Collect$$libinit$$0000000E  c_w.l(libinit2.o)
    0x080001aa   0x080001aa   0x00000000   Code   RO         6305    .ARM.Collect$$libinit$$00000011  c_w.l(libinit2.o)
    0x080001aa   0x080001aa   0x00000000   Code   RO         6307    .ARM.Collect$$libinit$$00000013  c_w.l(libinit2.o)
    0x080001aa   0x080001aa   0x00000000   Code   RO         6309    .ARM.Collect$$libinit$$00000015  c_w.l(libinit2.o)
    0x080001aa   0x080001aa   0x00000000   Code   RO         6311    .ARM.Collect$$libinit$$00000017  c_w.l(libinit2.o)
    0x080001aa   0x080001aa   0x00000000   Code   RO         6313    .ARM.Collect$$libinit$$00000019  c_w.l(libinit2.o)
    0x080001aa   0x080001aa   0x00000000   Code   RO         6315    .ARM.Collect$$libinit$$0000001B  c_w.l(libinit2.o)
    0x080001aa   0x080001aa   0x00000000   Code   RO         6317    .ARM.Collect$$libinit$$0000001D  c_w.l(libinit2.o)
    0x080001aa   0x080001aa   0x00000000   Code   RO         6319    .ARM.Collect$$libinit$$0000001F  c_w.l(libinit2.o)
    0x080001aa   0x080001aa   0x00000000   Code   RO         6321    .ARM.Collect$$libinit$$00000021  c_w.l(libinit2.o)
    0x080001aa   0x080001aa   0x00000000   Code   RO         6323    .ARM.Collect$$libinit$$00000023  c_w.l(libinit2.o)
    0x080001aa   0x080001aa   0x00000000   Code   RO         6325    .ARM.Collect$$libinit$$00000025  c_w.l(libinit2.o)
    0x080001aa   0x080001aa   0x00000000   Code   RO         6329    .ARM.Collect$$libinit$$0000002C  c_w.l(libinit2.o)
    0x080001aa   0x080001aa   0x00000000   Code   RO         6331    .ARM.Collect$$libinit$$0000002E  c_w.l(libinit2.o)
    0x080001aa   0x080001aa   0x00000000   Code   RO         6333    .ARM.Collect$$libinit$$00000030  c_w.l(libinit2.o)
    0x080001aa   0x080001aa   0x00000000   Code   RO         6335    .ARM.Collect$$libinit$$00000032  c_w.l(libinit2.o)
    0x080001aa   0x080001aa   0x00000002   Code   RO         6336    .ARM.Collect$$libinit$$00000033  c_w.l(libinit2.o)
    0x080001ac   0x080001ac   0x00000002   Code   RO         6533    .ARM.Collect$$libshutdown$$00000000  c_w.l(libshutdown.o)
    0x080001ae   0x080001ae   0x00000000   Code   RO         6487    .ARM.Collect$$libshutdown$$00000002  c_w.l(libshutdown2.o)
    0x080001ae   0x080001ae   0x00000000   Code   RO         6489    .ARM.Collect$$libshutdown$$00000004  c_w.l(libshutdown2.o)
    0x080001ae   0x080001ae   0x00000000   Code   RO         6491    .ARM.Collect$$libshutdown$$00000006  c_w.l(libshutdown2.o)
    0x080001ae   0x080001ae   0x00000000   Code   RO         6494    .ARM.Collect$$libshutdown$$00000009  c_w.l(libshutdown2.o)
    0x080001ae   0x080001ae   0x00000000   Code   RO         6497    .ARM.Collect$$libshutdown$$0000000C  c_w.l(libshutdown2.o)
    0x080001ae   0x080001ae   0x00000000   Code   RO         6499    .ARM.Collect$$libshutdown$$0000000E  c_w.l(libshutdown2.o)
    0x080001ae   0x080001ae   0x00000000   Code   RO         6502    .ARM.Collect$$libshutdown$$00000011  c_w.l(libshutdown2.o)
    0x080001ae   0x080001ae   0x00000002   Code   RO         6503    .ARM.Collect$$libshutdown$$00000012  c_w.l(libshutdown2.o)
    0x080001b0   0x080001b0   0x00000000   Code   RO         6171    .ARM.Collect$$rtentry$$00000000  c_w.l(__rtentry.o)
    0x080001b0   0x080001b0   0x00000000   Code   RO         6351    .ARM.Collect$$rtentry$$00000002  c_w.l(__rtentry2.o)
    0x080001b0   0x080001b0   0x00000006   Code   RO         6363    .ARM.Collect$$rtentry$$00000004  c_w.l(__rtentry4.o)
    0x080001b6   0x080001b6   0x00000000   Code   RO         6353    .ARM.Collect$$rtentry$$00000009  c_w.l(__rtentry2.o)
    0x080001b6   0x080001b6   0x00000004   Code   RO         6354    .ARM.Collect$$rtentry$$0000000A  c_w.l(__rtentry2.o)
    0x080001ba   0x080001ba   0x00000000   Code   RO         6356    .ARM.Collect$$rtentry$$0000000C  c_w.l(__rtentry2.o)
    0x080001ba   0x080001ba   0x00000008   Code   RO         6357    .ARM.Collect$$rtentry$$0000000D  c_w.l(__rtentry2.o)
    0x080001c2   0x080001c2   0x00000002   Code   RO         6471    .ARM.Collect$$rtexit$$00000000  c_w.l(rtexit.o)
    0x080001c4   0x080001c4   0x00000000   Code   RO         6507    .ARM.Collect$$rtexit$$00000002  c_w.l(rtexit2.o)
    0x080001c4   0x080001c4   0x00000004   Code   RO         6508    .ARM.Collect$$rtexit$$00000003  c_w.l(rtexit2.o)
    0x080001c8   0x080001c8   0x00000006   Code   RO         6509    .ARM.Collect$$rtexit$$00000004  c_w.l(rtexit2.o)
    0x080001ce   0x080001ce   0x00000002   PAD
    0x080001d0   0x080001d0   0x00000096   Code   RO         5014    .emb_text           port.o
    0x08000266   0x08000266   0x00000002   PAD
    0x08000268   0x08000268   0x00000000   Code   RO         6367    .emb_text           c_w.l(maybetermalloc1.o)
    0x08000268   0x08000268   0x00000040   Code   RO            4    .text               startup_stm32f103xb.o
    0x080002a8   0x080002a8   0x0000005e   Code   RO         6093    .text               c_w.l(h1_alloc.o)
    0x08000306   0x08000306   0x0000004e   Code   RO         6095    .text               c_w.l(h1_free.o)
    0x08000354   0x08000354   0x0000008a   Code   RO         6155    .text               c_w.l(rt_memcpy_v6.o)
    0x080003de   0x080003de   0x00000064   Code   RO         6157    .text               c_w.l(rt_memcpy_w.o)
    0x08000442   0x08000442   0x00000044   Code   RO         6161    .text               c_w.l(rt_memclr.o)
    0x08000486   0x08000486   0x0000004e   Code   RO         6163    .text               c_w.l(rt_memclr_w.o)
    0x080004d4   0x080004d4   0x00000006   Code   RO         6165    .text               c_w.l(heapauxi.o)
    0x080004da   0x080004da   0x00000002   PAD
    0x080004dc   0x080004dc   0x00000008   Code   RO         6175    .text               c_w.l(rt_heap_descriptor_intlibspace.o)
    0x080004e4   0x080004e4   0x00000004   Code   RO         6177    .text               c_w.l(hguard.o)
    0x080004e8   0x080004e8   0x0000008a   Code   RO         6179    .text               c_w.l(init_alloc.o)
    0x08000572   0x08000572   0x0000000e   Code   RO         6183    .text               c_w.l(h1_init.o)
    0x08000580   0x08000580   0x00000008   Code   RO         6347    .text               c_w.l(libspace.o)
    0x08000588   0x08000588   0x00000034   Code   RO         6369    .text               c_w.l(h1_extend.o)
    0x080005bc   0x080005bc   0x0000000e   Code   RO         6391    .text               c_w.l(defsig_rtmem_outer.o)
    0x080005ca   0x080005ca   0x00000002   Code   RO         6402    .text               c_w.l(use_no_semi.o)
    0x080005cc   0x080005cc   0x00000000   Code   RO         6404    .text               c_w.l(indicate_semi.o)
    0x080005cc   0x080005cc   0x0000004a   Code   RO         6405    .text               c_w.l(sys_stackheap_outer.o)
    0x08000616   0x08000616   0x00000012   Code   RO         6448    .text               c_w.l(exit.o)
    0x08000628   0x08000628   0x0000000a   Code   RO         6450    .text               c_w.l(defsig_exit.o)
    0x08000632   0x08000632   0x00000002   PAD
    0x08000634   0x08000634   0x00000050   Code   RO         6452    .text               c_w.l(defsig_rtmem_inner.o)
    0x08000684   0x08000684   0x0000000c   Code   RO         6469    .text               c_w.l(sys_exit.o)
    0x08000690   0x08000690   0x00000032   Code   RO         6482    .text               c_w.l(defsig_general.o)
    0x080006c2   0x080006c2   0x0000000e   Code   RO         6504    .text               c_w.l(sys_wrch.o)
    0x080006d0   0x080006d0   0x00000002   Code   RO          505    i.BusFault_Handler  stm32f1xx_it.o
    0x080006d2   0x080006d2   0x00000004   Code   RO         5215    i.CDC_Control_FS    usbd_cdc_if.o
    0x080006d6   0x080006d6   0x00000004   Code   RO         5216    i.CDC_DeInit_FS     usbd_cdc_if.o
    0x080006da   0x080006da   0x00000002   PAD
    0x080006dc   0x080006dc   0x00000024   Code   RO         5217    i.CDC_Init_FS       usbd_cdc_if.o
    0x08000700   0x08000700   0x00000094   Code   RO         5218    i.CDC_Receive_FS    usbd_cdc_if.o
    0x08000794   0x08000794   0x0000000c   Code   RO          506    i.DMA1_Channel3_IRQHandler  stm32f1xx_it.o
    0x080007a0   0x080007a0   0x0000002a   Code   RO         1534    i.DMA_SetConfig     stm32f1xx_hal_dma.o
    0x080007ca   0x080007ca   0x00000002   Code   RO          507    i.DebugMon_Handler  stm32f1xx_it.o
    0x080007cc   0x080007cc   0x0000003a   Code   RO         5868    i.DrawBMP           ntsc.o
    0x08000806   0x08000806   0x00000002   PAD
    0x08000808   0x08000808   0x00000018   Code   RO         5869    i.DrawPoint         ntsc.o
    0x08000820   0x08000820   0x00000004   Code   RO           13    i.Error_Handler     main.o
    0x08000824   0x08000824   0x00000154   Code   RO         1540    i.HAL_DMA_IRQHandler  stm32f1xx_hal_dma.o
    0x08000978   0x08000978   0x0000005c   Code   RO         1541    i.HAL_DMA_Init      stm32f1xx_hal_dma.o
    0x080009d4   0x080009d4   0x00000070   Code   RO         1545    i.HAL_DMA_Start_IT  stm32f1xx_hal_dma.o
    0x08000a44   0x08000a44   0x00000024   Code   RO         1161    i.HAL_Delay         stm32f1xx_hal.o
    0x08000a68   0x08000a68   0x000001e0   Code   RO         1471    i.HAL_GPIO_Init     stm32f1xx_hal_gpio.o
    0x08000c48   0x08000c48   0x00000010   Code   RO         1474    i.HAL_GPIO_TogglePin  stm32f1xx_hal_gpio.o
    0x08000c58   0x08000c58   0x0000000a   Code   RO         1475    i.HAL_GPIO_WritePin  stm32f1xx_hal_gpio.o
    0x08000c62   0x08000c62   0x00000002   PAD
    0x08000c64   0x08000c64   0x0000000c   Code   RO         1165    i.HAL_GetTick       stm32f1xx_hal.o
    0x08000c70   0x08000c70   0x00000010   Code   RO         1171    i.HAL_IncTick       stm32f1xx_hal.o
    0x08000c80   0x08000c80   0x00000024   Code   RO         1172    i.HAL_Init          stm32f1xx_hal.o
    0x08000ca4   0x08000ca4   0x00000098   Code   RO          614    i.HAL_InitTick      stm32f1xx_hal_timebase_tim.o
    0x08000d3c   0x08000d3c   0x00000048   Code   RO          590    i.HAL_MspInit       stm32f1xx_hal_msp.o
    0x08000d84   0x08000d84   0x0000001a   Code   RO         1631    i.HAL_NVIC_EnableIRQ  stm32f1xx_hal_cortex.o
    0x08000d9e   0x08000d9e   0x00000002   PAD
    0x08000da0   0x08000da0   0x00000040   Code   RO         1637    i.HAL_NVIC_SetPriority  stm32f1xx_hal_cortex.o
    0x08000de0   0x08000de0   0x00000024   Code   RO         1638    i.HAL_NVIC_SetPriorityGrouping  stm32f1xx_hal_cortex.o
    0x08000e04   0x08000e04   0x0000003c   Code   RO          928    i.HAL_PCDEx_PMAConfig  stm32f1xx_hal_pcd_ex.o
    0x08000e40   0x08000e40   0x00000002   Code   RO         5287    i.HAL_PCDEx_SetConnectionState  usbd_conf.o
    0x08000e42   0x08000e42   0x00000012   Code   RO         5289    i.HAL_PCD_DataInStageCallback  usbd_conf.o
    0x08000e54   0x08000e54   0x00000014   Code   RO         5290    i.HAL_PCD_DataOutStageCallback  usbd_conf.o
    0x08000e68   0x08000e68   0x0000004c   Code   RO          699    i.HAL_PCD_EP_Close  stm32f1xx_hal_pcd.o
    0x08000eb4   0x08000eb4   0x0000005c   Code   RO          700    i.HAL_PCD_EP_ClrStall  stm32f1xx_hal_pcd.o
    0x08000f10   0x08000f10   0x000000e6   Code   RO          701    i.HAL_PCD_EP_DB_Receive  stm32f1xx_hal_pcd.o
    0x08000ff6   0x08000ff6   0x00000338   Code   RO          702    i.HAL_PCD_EP_DB_Transmit  stm32f1xx_hal_pcd.o
    0x0800132e   0x0800132e   0x00000012   Code   RO          704    i.HAL_PCD_EP_GetRxCount  stm32f1xx_hal_pcd.o
    0x08001340   0x08001340   0x0000005a   Code   RO          705    i.HAL_PCD_EP_Open   stm32f1xx_hal_pcd.o
    0x0800139a   0x0800139a   0x0000002e   Code   RO          706    i.HAL_PCD_EP_Receive  stm32f1xx_hal_pcd.o
    0x080013c8   0x080013c8   0x00000072   Code   RO          707    i.HAL_PCD_EP_SetStall  stm32f1xx_hal_pcd.o
    0x0800143a   0x0800143a   0x00000030   Code   RO          708    i.HAL_PCD_EP_Transmit  stm32f1xx_hal_pcd.o
    0x0800146a   0x0800146a   0x00000002   PAD
    0x0800146c   0x0800146c   0x00000134   Code   RO          710    i.HAL_PCD_IRQHandler  stm32f1xx_hal_pcd.o
    0x080015a0   0x080015a0   0x000000da   Code   RO          713    i.HAL_PCD_Init      stm32f1xx_hal_pcd.o
    0x0800167a   0x0800167a   0x00000002   PAD
    0x0800167c   0x0800167c   0x0000003c   Code   RO         5295    i.HAL_PCD_MspInit   usbd_conf.o
    0x080016b8   0x080016b8   0x00000026   Code   RO         5296    i.HAL_PCD_ResetCallback  usbd_conf.o
    0x080016de   0x080016de   0x00000008   Code   RO         5297    i.HAL_PCD_ResumeCallback  usbd_conf.o
    0x080016e6   0x080016e6   0x00000008   Code   RO         5298    i.HAL_PCD_SOFCallback  usbd_conf.o
    0x080016ee   0x080016ee   0x00000028   Code   RO          719    i.HAL_PCD_SetAddress  stm32f1xx_hal_pcd.o
    0x08001716   0x08001716   0x0000000e   Code   RO         5299    i.HAL_PCD_SetupStageCallback  usbd_conf.o
    0x08001724   0x08001724   0x00000032   Code   RO          721    i.HAL_PCD_Start     stm32f1xx_hal_pcd.o
    0x08001756   0x08001756   0x00000002   PAD
    0x08001758   0x08001758   0x00000024   Code   RO         5300    i.HAL_PCD_SuspendCallback  usbd_conf.o
    0x0800177c   0x0800177c   0x000000ec   Code   RO         1433    i.HAL_RCCEx_PeriphCLKConfig  stm32f1xx_hal_rcc_ex.o
    0x08001868   0x08001868   0x0000012c   Code   RO         1329    i.HAL_RCC_ClockConfig  stm32f1xx_hal_rcc.o
    0x08001994   0x08001994   0x00000040   Code   RO         1333    i.HAL_RCC_GetClockConfig  stm32f1xx_hal_rcc.o
    0x080019d4   0x080019d4   0x00000020   Code   RO         1336    i.HAL_RCC_GetPCLK1Freq  stm32f1xx_hal_rcc.o
    0x080019f4   0x080019f4   0x00000020   Code   RO         1337    i.HAL_RCC_GetPCLK2Freq  stm32f1xx_hal_rcc.o
    0x08001a14   0x08001a14   0x0000004c   Code   RO         1338    i.HAL_RCC_GetSysClockFreq  stm32f1xx_hal_rcc.o
    0x08001a60   0x08001a60   0x00000320   Code   RO         1341    i.HAL_RCC_OscConfig  stm32f1xx_hal_rcc.o
    0x08001d80   0x08001d80   0x00000002   Code   RO         2138    i.HAL_SPI_ErrorCallback  stm32f1xx_hal_spi.o
    0x08001d82   0x08001d82   0x000000b2   Code   RO         2142    i.HAL_SPI_Init      stm32f1xx_hal_spi.o
    0x08001e34   0x08001e34   0x00000090   Code   RO          374    i.HAL_SPI_MspInit   spi.o
    0x08001ec4   0x08001ec4   0x000000cc   Code   RO         2154    i.HAL_SPI_Transmit_DMA  stm32f1xx_hal_spi.o
    0x08001f90   0x08001f90   0x00000002   Code   RO         2156    i.HAL_SPI_TxCpltCallback  stm32f1xx_hal_spi.o
    0x08001f92   0x08001f92   0x00000002   Code   RO         2157    i.HAL_SPI_TxHalfCpltCallback  stm32f1xx_hal_spi.o
    0x08001f94   0x08001f94   0x00000002   Code   RO         3159    i.HAL_TIMEx_BreakCallback  stm32f1xx_hal_tim_ex.o
    0x08001f96   0x08001f96   0x00000002   Code   RO         3160    i.HAL_TIMEx_CommutCallback  stm32f1xx_hal_tim_ex.o
    0x08001f98   0x08001f98   0x00000054   Code   RO         3162    i.HAL_TIMEx_ConfigBreakDeadTime  stm32f1xx_hal_tim_ex.o
    0x08001fec   0x08001fec   0x00000068   Code   RO         3178    i.HAL_TIMEx_MasterConfigSynchronization  stm32f1xx_hal_tim_ex.o
    0x08002054   0x08002054   0x0000005a   Code   RO         2455    i.HAL_TIM_Base_Init  stm32f1xx_hal_tim.o
    0x080020ae   0x080020ae   0x00000002   Code   RO         2457    i.HAL_TIM_Base_MspInit  stm32f1xx_hal_tim.o
    0x080020b0   0x080020b0   0x00000050   Code   RO         2458    i.HAL_TIM_Base_Start  stm32f1xx_hal_tim.o
    0x08002100   0x08002100   0x00000058   Code   RO         2460    i.HAL_TIM_Base_Start_IT  stm32f1xx_hal_tim.o
    0x08002158   0x08002158   0x00000026   Code   RO         2461    i.HAL_TIM_Base_Stop  stm32f1xx_hal_tim.o
    0x0800217e   0x0800217e   0x00000002   Code   RO         2489    i.HAL_TIM_IC_CaptureCallback  stm32f1xx_hal_tim.o
    0x08002180   0x08002180   0x00000166   Code   RO         2503    i.HAL_TIM_IRQHandler  stm32f1xx_hal_tim.o
    0x080022e6   0x080022e6   0x00000002   PAD
    0x080022e8   0x080022e8   0x0000004c   Code   RO          415    i.HAL_TIM_MspPostInit  tim.o
    0x08002334   0x08002334   0x00000052   Code   RO         2504    i.HAL_TIM_OC_ConfigChannel  stm32f1xx_hal_tim.o
    0x08002386   0x08002386   0x00000002   Code   RO         2506    i.HAL_TIM_OC_DelayElapsedCallback  stm32f1xx_hal_tim.o
    0x08002388   0x08002388   0x0000005a   Code   RO         2508    i.HAL_TIM_OC_Init   stm32f1xx_hal_tim.o
    0x080023e2   0x080023e2   0x00000002   PAD
    0x080023e4   0x080023e4   0x0000003c   Code   RO          417    i.HAL_TIM_OC_MspInit  tim.o
    0x08002420   0x08002420   0x0000009c   Code   RO         2511    i.HAL_TIM_OC_Start  stm32f1xx_hal_tim.o
    0x080024bc   0x080024bc   0x000000c8   Code   RO         2513    i.HAL_TIM_OC_Start_IT  stm32f1xx_hal_tim.o
    0x08002584   0x08002584   0x000000cc   Code   RO         2527    i.HAL_TIM_PWM_ConfigChannel  stm32f1xx_hal_tim.o
    0x08002650   0x08002650   0x0000005a   Code   RO         2530    i.HAL_TIM_PWM_Init  stm32f1xx_hal_tim.o
    0x080026aa   0x080026aa   0x00000002   Code   RO         2532    i.HAL_TIM_PWM_MspInit  stm32f1xx_hal_tim.o
    0x080026ac   0x080026ac   0x00000002   Code   RO         2533    i.HAL_TIM_PWM_PulseFinishedCallback  stm32f1xx_hal_tim.o
    0x080026ae   0x080026ae   0x00000002   PAD
    0x080026b0   0x080026b0   0x0000009c   Code   RO         2535    i.HAL_TIM_PWM_Start  stm32f1xx_hal_tim.o
    0x0800274c   0x0800274c   0x0000000e   Code   RO           14    i.HAL_TIM_PeriodElapsedCallback  main.o
    0x0800275a   0x0800275a   0x00000002   Code   RO         2546    i.HAL_TIM_TriggerCallback  stm32f1xx_hal_tim.o
    0x0800275c   0x0800275c   0x00000064   Code   RO         3456    i.HAL_UART_Init     stm32f1xx_hal_uart.o
    0x080027c0   0x080027c0   0x00000080   Code   RO          464    i.HAL_UART_MspInit  usart.o
    0x08002840   0x08002840   0x00000002   Code   RO          508    i.HardFault_Handler  stm32f1xx_it.o
    0x08002842   0x08002842   0x00000002   PAD
    0x08002844   0x08002844   0x00000038   Code   RO         5129    i.IntToUnicode      usbd_desc.o
    0x0800287c   0x0800287c   0x00000020   Code   RO          275    i.LedTask           freertos.o
    0x0800289c   0x0800289c   0x0000002c   Code   RO          349    i.MX_DMA_Init       dma.o
    0x080028c8   0x080028c8   0x00000068   Code   RO          276    i.MX_FREERTOS_Init  freertos.o
    0x08002930   0x08002930   0x000000a8   Code   RO          251    i.MX_GPIO_Init      gpio.o
    0x080029d8   0x080029d8   0x00000048   Code   RO          375    i.MX_SPI1_Init      spi.o
    0x08002a20   0x08002a20   0x000000d0   Code   RO          418    i.MX_TIM1_Init      tim.o
    0x08002af0   0x08002af0   0x00000038   Code   RO          465    i.MX_USART1_UART_Init  usart.o
    0x08002b28   0x08002b28   0x00000054   Code   RO         5094    i.MX_USB_DEVICE_Init  usb_device.o
    0x08002b7c   0x08002b7c   0x00000002   Code   RO          509    i.MemManage_Handler  stm32f1xx_it.o
    0x08002b7e   0x08002b7e   0x00000002   Code   RO          510    i.NMI_Handler       stm32f1xx_it.o
    0x08002b80   0x08002b80   0x00000010   Code   RO         5871    i.NTSC_SPI_DmaSend  ntsc.o
    0x08002b90   0x08002b90   0x00000014   Code   RO         5875    i.Ntsc_Adjust       ntsc.o
    0x08002ba4   0x08002ba4   0x000000a0   Code   RO         5878    i.Ntsc_HandleVout   ntsc.o
    0x08002c44   0x08002c44   0x000000d4   Code   RO         5880    i.Ntsc_Init         ntsc.o
    0x08002d18   0x08002d18   0x000003ac   Code   RO          725    i.PCD_EP_ISR_Handler  stm32f1xx_hal_pcd.o
    0x080030c4   0x080030c4   0x00000022   Code   RO         2170    i.SPI_DMAError      stm32f1xx_hal_spi.o
    0x080030e6   0x080030e6   0x0000000a   Code   RO         2172    i.SPI_DMAHalfTransmitCplt  stm32f1xx_hal_spi.o
    0x080030f0   0x080030f0   0x00000064   Code   RO         2176    i.SPI_DMATransmitCplt  stm32f1xx_hal_spi.o
    0x08003154   0x08003154   0x00000020   Code   RO         2180    i.SPI_EndRxTxTransaction  stm32f1xx_hal_spi.o
    0x08003174   0x08003174   0x000000b8   Code   RO         2185    i.SPI_WaitFlagStateUntilTimeout  stm32f1xx_hal_spi.o
    0x0800322c   0x0800322c   0x00000010   Code   RO          277    i.Screen_Show       freertos.o
    0x0800323c   0x0800323c   0x00000058   Code   RO         6010    i.Screen_TaskLoop   screen_main.o
    0x08003294   0x08003294   0x0000002c   Code   RO         6011    i.Screen_TaskSetup  screen_main.o
    0x080032c0   0x080032c0   0x00000048   Code   RO         5885    i.ShowChar          ntsc.o
    0x08003308   0x08003308   0x0000002c   Code   RO         5886    i.ShowText          ntsc.o
    0x08003334   0x08003334   0x0000000c   Code   RO          278    i.StartDefaultTask  freertos.o
    0x08003340   0x08003340   0x0000002c   Code   RO         5015    i.SysTick_Handler   port.o
    0x0800336c   0x0800336c   0x00000076   Code   RO           15    i.SystemClock_Config  main.o
    0x080033e2   0x080033e2   0x00000002   Code   RO         3790    i.SystemInit        system_stm32f1xx.o
    0x080033e4   0x080033e4   0x00000014   Code   RO          511    i.TIM1_CC_IRQHandler  stm32f1xx_it.o
    0x080033f8   0x080033f8   0x0000000c   Code   RO          512    i.TIM2_IRQHandler   stm32f1xx_it.o
    0x08003404   0x08003404   0x0000006c   Code   RO         2548    i.TIM_Base_SetConfig  stm32f1xx_hal_tim.o
    0x08003470   0x08003470   0x0000001a   Code   RO         2549    i.TIM_CCxChannelCmd  stm32f1xx_hal_tim.o
    0x0800348a   0x0800348a   0x00000002   PAD
    0x0800348c   0x0800348c   0x00000050   Code   RO         2561    i.TIM_OC1_SetConfig  stm32f1xx_hal_tim.o
    0x080034dc   0x080034dc   0x00000058   Code   RO         2562    i.TIM_OC2_SetConfig  stm32f1xx_hal_tim.o
    0x08003534   0x08003534   0x00000058   Code   RO         2563    i.TIM_OC3_SetConfig  stm32f1xx_hal_tim.o
    0x0800358c   0x0800358c   0x00000044   Code   RO         2564    i.TIM_OC4_SetConfig  stm32f1xx_hal_tim.o
    0x080035d0   0x080035d0   0x000000b8   Code   RO         3482    i.UART_SetConfig    stm32f1xx_hal_uart.o
    0x08003688   0x08003688   0x00000046   Code   RO         5762    i.USBD_CDC_DataIn   usbd_cdc.o
    0x080036ce   0x080036ce   0x0000002e   Code   RO         5763    i.USBD_CDC_DataOut  usbd_cdc.o
    0x080036fc   0x080036fc   0x00000044   Code   RO         5764    i.USBD_CDC_DeInit   usbd_cdc.o
    0x08003740   0x08003740   0x00000024   Code   RO         5765    i.USBD_CDC_EP0_RxReady  usbd_cdc.o
    0x08003764   0x08003764   0x0000000c   Code   RO         5766    i.USBD_CDC_GetDeviceQualifierDescriptor  usbd_cdc.o
    0x08003770   0x08003770   0x0000000c   Code   RO         5767    i.USBD_CDC_GetFSCfgDesc  usbd_cdc.o
    0x0800377c   0x0800377c   0x0000000c   Code   RO         5768    i.USBD_CDC_GetHSCfgDesc  usbd_cdc.o
    0x08003788   0x08003788   0x0000000c   Code   RO         5769    i.USBD_CDC_GetOtherSpeedCfgDesc  usbd_cdc.o
    0x08003794   0x08003794   0x00000094   Code   RO         5770    i.USBD_CDC_Init     usbd_cdc.o
    0x08003828   0x08003828   0x00000028   Code   RO         5771    i.USBD_CDC_ReceivePacket  usbd_cdc.o
    0x08003850   0x08003850   0x00000010   Code   RO         5772    i.USBD_CDC_RegisterInterface  usbd_cdc.o
    0x08003860   0x08003860   0x0000000c   Code   RO         5773    i.USBD_CDC_SetRxBuffer  usbd_cdc.o
    0x0800386c   0x0800386c   0x00000010   Code   RO         5774    i.USBD_CDC_SetTxBuffer  usbd_cdc.o
    0x0800387c   0x0800387c   0x000000ac   Code   RO         5775    i.USBD_CDC_Setup    usbd_cdc.o
    0x08003928   0x08003928   0x0000000e   Code   RO         5499    i.USBD_ClrClassConfig  usbd_core.o
    0x08003936   0x08003936   0x00000010   Code   RO         5702    i.USBD_CtlContinueRx  usbd_ioreq.o
    0x08003946   0x08003946   0x00000010   Code   RO         5703    i.USBD_CtlContinueSendData  usbd_ioreq.o
    0x08003956   0x08003956   0x00000016   Code   RO         5637    i.USBD_CtlError     usbd_ctlreq.o
    0x0800396c   0x0800396c   0x0000001e   Code   RO         5704    i.USBD_CtlPrepareRx  usbd_ioreq.o
    0x0800398a   0x0800398a   0x00000016   Code   RO         5705    i.USBD_CtlReceiveStatus  usbd_ioreq.o
    0x080039a0   0x080039a0   0x0000001a   Code   RO         5706    i.USBD_CtlSendData  usbd_ioreq.o
    0x080039ba   0x080039ba   0x00000016   Code   RO         5707    i.USBD_CtlSendStatus  usbd_ioreq.o
    0x080039d0   0x080039d0   0x00000020   Code   RO         5130    i.USBD_FS_ConfigStrDescriptor  usbd_desc.o
    0x080039f0   0x080039f0   0x0000000c   Code   RO         5131    i.USBD_FS_DeviceDescriptor  usbd_desc.o
    0x080039fc   0x080039fc   0x00000024   Code   RO         5132    i.USBD_FS_InterfaceStrDescriptor  usbd_desc.o
    0x08003a20   0x08003a20   0x0000000c   Code   RO         5133    i.USBD_FS_LangIDStrDescriptor  usbd_desc.o
    0x08003a2c   0x08003a2c   0x00000028   Code   RO         5134    i.USBD_FS_ManufacturerStrDescriptor  usbd_desc.o
    0x08003a54   0x08003a54   0x0000002c   Code   RO         5135    i.USBD_FS_ProductStrDescriptor  usbd_desc.o
    0x08003a80   0x08003a80   0x00000038   Code   RO         5136    i.USBD_FS_SerialStrDescriptor  usbd_desc.o
    0x08003ab8   0x08003ab8   0x000000e8   Code   RO         5638    i.USBD_GetDescriptor  usbd_ctlreq.o
    0x08003ba0   0x08003ba0   0x00000048   Code   RO         5639    i.USBD_GetString    usbd_ctlreq.o
    0x08003be8   0x08003be8   0x00000018   Code   RO         5301    i.USBD_Get_USB_Status  usbd_conf.o
    0x08003c00   0x08003c00   0x0000002a   Code   RO         5501    i.USBD_Init         usbd_core.o
    0x08003c2a   0x08003c2a   0x00000012   Code   RO         5302    i.USBD_LL_ClearStallEP  usbd_conf.o
    0x08003c3c   0x08003c3c   0x00000012   Code   RO         5303    i.USBD_LL_CloseEP   usbd_conf.o
    0x08003c4e   0x08003c4e   0x000000c6   Code   RO         5502    i.USBD_LL_DataInStage  usbd_core.o
    0x08003d14   0x08003d14   0x00000082   Code   RO         5503    i.USBD_LL_DataOutStage  usbd_core.o
    0x08003d96   0x08003d96   0x00000008   Code   RO         5307    i.USBD_LL_GetRxDataSize  usbd_conf.o
    0x08003d9e   0x08003d9e   0x00000002   PAD
    0x08003da0   0x08003da0   0x00000080   Code   RO         5308    i.USBD_LL_Init      usbd_conf.o
    0x08003e20   0x08003e20   0x00000020   Code   RO         5309    i.USBD_LL_IsStallEP  usbd_conf.o
    0x08003e40   0x08003e40   0x00000018   Code   RO         5310    i.USBD_LL_OpenEP    usbd_conf.o
    0x08003e58   0x08003e58   0x00000012   Code   RO         5311    i.USBD_LL_PrepareReceive  usbd_conf.o
    0x08003e6a   0x08003e6a   0x00000050   Code   RO         5508    i.USBD_LL_Reset     usbd_core.o
    0x08003eba   0x08003eba   0x00000014   Code   RO         5509    i.USBD_LL_Resume    usbd_core.o
    0x08003ece   0x08003ece   0x00000018   Code   RO         5510    i.USBD_LL_SOF       usbd_core.o
    0x08003ee6   0x08003ee6   0x00000006   Code   RO         5511    i.USBD_LL_SetSpeed  usbd_core.o
    0x08003eec   0x08003eec   0x00000012   Code   RO         5312    i.USBD_LL_SetUSBAddress  usbd_conf.o
    0x08003efe   0x08003efe   0x0000005a   Code   RO         5512    i.USBD_LL_SetupStage  usbd_core.o
    0x08003f58   0x08003f58   0x00000012   Code   RO         5313    i.USBD_LL_StallEP   usbd_conf.o
    0x08003f6a   0x08003f6a   0x00000012   Code   RO         5314    i.USBD_LL_Start     usbd_conf.o
    0x08003f7c   0x08003f7c   0x00000012   Code   RO         5513    i.USBD_LL_Suspend   usbd_core.o
    0x08003f8e   0x08003f8e   0x00000012   Code   RO         5316    i.USBD_LL_Transmit  usbd_conf.o
    0x08003fa0   0x08003fa0   0x00000028   Code   RO         5640    i.USBD_ParseSetupRequest  usbd_ctlreq.o
    0x08003fc8   0x08003fc8   0x00000010   Code   RO         5514    i.USBD_RegisterClass  usbd_core.o
    0x08003fd8   0x08003fd8   0x00000016   Code   RO         5516    i.USBD_SetClassConfig  usbd_core.o
    0x08003fee   0x08003fee   0x00000002   PAD
    0x08003ff0   0x08003ff0   0x00000084   Code   RO         5641    i.USBD_SetConfig    usbd_ctlreq.o
    0x08004074   0x08004074   0x0000000a   Code   RO         5517    i.USBD_Start        usbd_core.o
    0x0800407e   0x0800407e   0x00000112   Code   RO         5642    i.USBD_StdDevReq    usbd_ctlreq.o
    0x08004190   0x08004190   0x00000150   Code   RO         5643    i.USBD_StdEPReq     usbd_ctlreq.o
    0x080042e0   0x080042e0   0x0000004e   Code   RO         5644    i.USBD_StdItfReq    usbd_ctlreq.o
    0x0800432e   0x0800432e   0x00000002   Code   RO         5317    i.USBD_static_free  usbd_conf.o
    0x08004330   0x08004330   0x00000008   Code   RO         5318    i.USBD_static_malloc  usbd_conf.o
    0x08004338   0x08004338   0x0000029c   Code   RO          968    i.USB_ActivateEndpoint  stm32f1xx_ll_usb.o
    0x080045d4   0x080045d4   0x00000004   Code   RO          971    i.USB_CoreInit      stm32f1xx_ll_usb.o
    0x080045d8   0x080045d8   0x0000010e   Code   RO          973    i.USB_DeactivateEndpoint  stm32f1xx_ll_usb.o
    0x080046e6   0x080046e6   0x00000004   Code   RO          974    i.USB_DevConnect    stm32f1xx_ll_usb.o
    0x080046ea   0x080046ea   0x00000004   Code   RO          975    i.USB_DevDisconnect  stm32f1xx_ll_usb.o
    0x080046ee   0x080046ee   0x00000012   Code   RO          976    i.USB_DevInit       stm32f1xx_ll_usb.o
    0x08004700   0x08004700   0x0000000e   Code   RO          977    i.USB_DisableGlobalInt  stm32f1xx_ll_usb.o
    0x0800470e   0x0800470e   0x00000004   Code   RO          978    i.USB_EP0_OutStart  stm32f1xx_ll_usb.o
    0x08004712   0x08004712   0x00000078   Code   RO          979    i.USB_EPClearStall  stm32f1xx_ll_usb.o
    0x0800478a   0x0800478a   0x00000032   Code   RO          980    i.USB_EPSetStall    stm32f1xx_ll_usb.o
    0x080047bc   0x080047bc   0x000004e2   Code   RO          981    i.USB_EPStartXfer   stm32f1xx_ll_usb.o
    0x08004c9e   0x08004c9e   0x00000012   Code   RO          983    i.USB_EnableGlobalInt  stm32f1xx_ll_usb.o
    0x08004cb0   0x08004cb0   0x0000000c   Code   RO          513    i.USB_LP_CAN1_RX0_IRQHandler  stm32f1xx_it.o
    0x08004cbc   0x08004cbc   0x00000006   Code   RO          990    i.USB_ReadInterrupts  stm32f1xx_ll_usb.o
    0x08004cc2   0x08004cc2   0x00000002   PAD
    0x08004cc4   0x08004cc4   0x0000002c   Code   RO          991    i.USB_ReadPMA       stm32f1xx_ll_usb.o
    0x08004cf0   0x08004cf0   0x00000008   Code   RO          279    i.USB_Recive        freertos.o
    0x08004cf8   0x08004cf8   0x00000058   Code   RO         6013    i.USB_Reset         screen_main.o
    0x08004d50   0x08004d50   0x00000004   Code   RO          992    i.USB_SetCurrentMode  stm32f1xx_ll_usb.o
    0x08004d54   0x08004d54   0x0000000c   Code   RO          993    i.USB_SetDevAddress  stm32f1xx_ll_usb.o
    0x08004d60   0x08004d60   0x00000026   Code   RO          995    i.USB_WritePMA      stm32f1xx_ll_usb.o
    0x08004d86   0x08004d86   0x00000002   Code   RO          514    i.UsageFault_Handler  stm32f1xx_it.o
    0x08004d88   0x08004d88   0x00000020   Code   RO         1644    i.__NVIC_SetPriority  stm32f1xx_hal_cortex.o
    0x08004da8   0x08004da8   0x00000026   Code   RO           16    i.main              main.o
    0x08004dce   0x08004dce   0x0000000c   Code   RO         4586    i.makeFreeRtosPriority  cmsis_os.o
    0x08004dda   0x08004dda   0x0000000e   Code   RO         4588    i.osDelay           cmsis_os.o
    0x08004de8   0x08004de8   0x0000000a   Code   RO         4591    i.osKernelStart     cmsis_os.o
    0x08004df2   0x08004df2   0x00000054   Code   RO         4625    i.osThreadCreate    cmsis_os.o
    0x08004e46   0x08004e46   0x00000002   PAD
    0x08004e48   0x08004e48   0x00000070   Code   RO         4283    i.prvAddCurrentTaskToDelayedList  tasks.o
    0x08004eb8   0x08004eb8   0x000000d0   Code   RO         4284    i.prvAddNewTaskToReadyList  tasks.o
    0x08004f88   0x08004f88   0x00000034   Code   RO         4285    i.prvDeleteTCB      tasks.o
    0x08004fbc   0x08004fbc   0x0000004c   Code   RO         4953    i.prvHeapInit       heap_4.o
    0x08005008   0x08005008   0x00000060   Code   RO         4286    i.prvIdleTask       tasks.o
    0x08005068   0x08005068   0x0000008e   Code   RO         4287    i.prvInitialiseNewTask  tasks.o
    0x080050f6   0x080050f6   0x00000002   PAD
    0x080050f8   0x080050f8   0x0000004c   Code   RO         4954    i.prvInsertBlockIntoFreeList  heap_4.o
    0x08005144   0x08005144   0x00000020   Code   RO         4288    i.prvResetNextTaskUnblockTime  tasks.o
    0x08005164   0x08005164   0x00000028   Code   RO         5016    i.prvTaskExitError  port.o
    0x0800518c   0x0800518c   0x000000d8   Code   RO         4955    i.pvPortMalloc      heap_4.o
    0x08005264   0x08005264   0x00000024   Code   RO         5017    i.pxPortInitialiseStack  port.o
    0x08005288   0x08005288   0x00000026   Code   RO         3928    i.uxListRemove      list.o
    0x080052ae   0x080052ae   0x00000002   PAD
    0x080052b0   0x080052b0   0x00000014   Code   RO          280    i.vApplicationGetIdleTaskMemory  freertos.o
    0x080052c4   0x080052c4   0x00000016   Code   RO         3929    i.vListInitialise   list.o
    0x080052da   0x080052da   0x00000006   Code   RO         3930    i.vListInitialiseItem  list.o
    0x080052e0   0x080052e0   0x00000030   Code   RO         3931    i.vListInsert       list.o
    0x08005310   0x08005310   0x00000018   Code   RO         3932    i.vListInsertEnd    list.o
    0x08005328   0x08005328   0x00000040   Code   RO         5019    i.vPortEnterCritical  port.o
    0x08005368   0x08005368   0x00000028   Code   RO         5020    i.vPortExitCritical  port.o
    0x08005390   0x08005390   0x0000005c   Code   RO         4956    i.vPortFree         heap_4.o
    0x080053ec   0x080053ec   0x00000024   Code   RO         5021    i.vPortSetupTimerInterrupt  port.o
    0x08005410   0x08005410   0x0000004c   Code   RO         4296    i.vTaskDelay        tasks.o
    0x0800545c   0x0800545c   0x0000006c   Code   RO         4309    i.vTaskStartScheduler  tasks.o
    0x080054c8   0x080054c8   0x00000010   Code   RO         4311    i.vTaskSuspendAll   tasks.o
    0x080054d8   0x080054d8   0x0000005c   Code   RO         4312    i.vTaskSwitchContext  tasks.o
    0x08005534   0x08005534   0x000000a8   Code   RO         5023    i.xPortStartScheduler  port.o
    0x080055dc   0x080055dc   0x0000005a   Code   RO         4314    i.xTaskCreate       tasks.o
    0x08005636   0x08005636   0x00000056   Code   RO         4315    i.xTaskCreateStatic  tasks.o
    0x0800568c   0x0800568c   0x000000c8   Code   RO         4322    i.xTaskIncrementTick  tasks.o
    0x08005754   0x08005754   0x000000c4   Code   RO         4328    i.xTaskResumeAll    tasks.o
    0x08005818   0x08005818   0x00000070   Data   RO          282    .constdata          freertos.o
    0x08005888   0x08005888   0x00000012   Data   RO         1342    .constdata          stm32f1xx_hal_rcc.o
    0x0800589a   0x0800589a   0x00000010   Data   RO         3791    .constdata          system_stm32f1xx.o
    0x080058aa   0x080058aa   0x00000008   Data   RO         3792    .constdata          system_stm32f1xx.o
    0x080058b2   0x080058b2   0x00000002   PAD
    0x080058b4   0x080058b4   0x00000650   Data   RO         5887    .constdata          ntsc.o
    0x08005f04   0x08005f04   0x00000030   Data   RO          283    .conststring        freertos.o
    0x08005f34   0x08005f34   0x00000020   Data   RO         6534    Region$$Table       anon$$obj.o


    Execution Region RW_IRAM1 (Exec base: 0x20000000, Load base: 0x08005f54, Size: 0x00004fb0, Max: 0x00005000, ABSOLUTE, COMPRESSED[0x000000d0])

    Exec Addr    Load Addr    Size         Type   Attr      Idx    E Section Name        Object

    0x20000000   COMPRESSED   0x00000010   Data   RW          284    .data               freertos.o
    0x20000010   COMPRESSED   0x00000001   Data   RW          515    .data               stm32f1xx_it.o
    0x20000011   COMPRESSED   0x00000003   PAD
    0x20000014   COMPRESSED   0x0000000c   Data   RW         1179    .data               stm32f1xx_hal.o
    0x20000020   COMPRESSED   0x00000004   Data   RW         3793    .data               system_stm32f1xx.o
    0x20000024   COMPRESSED   0x0000003c   Data   RW         4331    .data               tasks.o
    0x20000060   COMPRESSED   0x00000018   Data   RW         4961    .data               heap_4.o
    0x20000078   COMPRESSED   0x0000000c   Data   RW         5024    .data               port.o
    0x20000084   COMPRESSED   0x0000001c   Data   RW         5138    .data               usbd_desc.o
    0x200000a0   COMPRESSED   0x00000032   Data   RW         5139    .data               usbd_desc.o
    0x200000d2   COMPRESSED   0x00000002   PAD
    0x200000d4   COMPRESSED   0x00000008   Data   RW         5223    .data               usbd_cdc_if.o
    0x200000dc   COMPRESSED   0x00000010   Data   RW         5225    .data               usbd_cdc_if.o
    0x200000ec   COMPRESSED   0x00000001   Data   RW         5645    .data               usbd_ctlreq.o
    0x200000ed   COMPRESSED   0x00000003   PAD
    0x200000f0   COMPRESSED   0x000000d7   Data   RW         5777    .data               usbd_cdc.o
    0x200001c7   COMPRESSED   0x00000001   PAD
    0x200001c8   COMPRESSED   0x00000038   Data   RW         5778    .data               usbd_cdc.o
    0x20000200   COMPRESSED   0x00000028   Data   RW         5888    .data               ntsc.o
    0x20000228        -       0x00000254   Zero   RW          281    .bss                freertos.o
    0x2000047c        -       0x0000009c   Zero   RW          376    .bss                spi.o
    0x20000518        -       0x00000048   Zero   RW          419    .bss                tim.o
    0x20000560        -       0x00000048   Zero   RW          466    .bss                usart.o
    0x200005a8        -       0x00000048   Zero   RW          617    .bss                stm32f1xx_hal_timebase_tim.o
    0x200005f0        -       0x000000f0   Zero   RW         4330    .bss                tasks.o
    0x200006e0        -       0x00000c00   Zero   RW         4960    .bss                heap_4.o
    0x200012e0        -       0x000002c4   Zero   RW         5095    .bss                usb_device.o
    0x200015a4        -       0x00000200   Zero   RW         5137    .bss                usbd_desc.o
    0x200017a4        -       0x00001ac6   Zero   RW         5221    .bss                usbd_cdc_if.o
    0x2000326a   COMPRESSED   0x00000002   PAD
    0x2000326c        -       0x00000510   Zero   RW         5319    .bss                usbd_conf.o
    0x2000377c        -       0x00000bd0   Zero   RW         6014    .bss                screen_main.o
    0x2000434c        -       0x00000060   Zero   RW         6348    .bss                c_w.l(libspace.o)
    0x200043ac   COMPRESSED   0x00000004   PAD
    0x200043b0        -       0x00000400   Zero   RW            2    HEAP                startup_stm32f103xb.o
    0x200047b0        -       0x00000800   Zero   RW            1    STACK               startup_stm32f103xb.o


==============================================================================

Image component sizes


      Code (inc. data)   RO Data    RW Data    ZI Data      Debug   Object Name

       120          0          0          0          0      22293   cmsis_os.o
        44          4          0          0          0        742   dma.o
         0          0          0          0          0      18152   event_groups.o
       192         18        160         16        596       4113   freertos.o
       168         12          0          0          0        947   gpio.o
       460         24          0         24       3072       7171   heap_4.o
       138          0          0          0          0       3338   list.o
       174          0          0          0          0     485995   main.o
       606         60       1616         40          0       7205   ntsc.o
       578         60          0         12          0      10244   port.o
       220         40          0          0       3024       2201   screen_main.o
       216         32          0          0        156       1706   spi.o
        64         26        236          0       3072        800   startup_stm32f103xb.o
       100         18          0         12          0       5186   stm32f1xx_hal.o
       158         14          0          0          0      28138   stm32f1xx_hal_cortex.o
       586         32          0          0          0       3555   stm32f1xx_hal_dma.o
       506         34          0          0          0       3473   stm32f1xx_hal_gpio.o
        72         10          0          0          0        854   stm32f1xx_hal_msp.o
      3094          0          0          0          0      14181   stm32f1xx_hal_pcd.o
        60          0          0          0          0       1158   stm32f1xx_hal_pcd_ex.o
      1304         94         18          0          0       5681   stm32f1xx_hal_rcc.o
       236         12          0          0          0       1364   stm32f1xx_hal_rcc_ex.o
       748         16          0          0          0       7044   stm32f1xx_hal_spi.o
      2102         96          0          0          0      17636   stm32f1xx_hal_tim.o
       192         12          0          0          0       3149   stm32f1xx_hal_tim_ex.o
       152         18          0          0         72       1455   stm32f1xx_hal_timebase_tim.o
       284          6          0          0          0       1904   stm32f1xx_hal_uart.o
        68         24          0          1          0       4526   stm32f1xx_it.o
      2528          0          0          0          0      15963   stm32f1xx_ll_usb.o
         0          0          0          0          0        384   stream_buffer.o
         2          0         24          4          0       1095   system_stm32f1xx.o
      1506        110          0         60        240      15978   tasks.o
       344         32          0          0         72       2310   tim.o
       184         24          0          0         72       1678   usart.o
        84         18          0          0        708        776   usb_device.o
       672         16          0        271          0      12160   usbd_cdc.o
       192         26          0         24       6854       3231   usbd_cdc_if.o
       556         30          0          0       1296      13997   usbd_conf.o
       670          0          0          0          0       9351   usbd_core.o
      1186         28          0          1          0       7844   usbd_ctlreq.o
       288        104          0         78        512       5841   usbd_desc.o
       132          0          0          0          0       4268   usbd_ioreq.o

    ----------------------------------------------------------------------
     21024       1050       2088        552      19748     759087   Object Totals
         0          0         32          0          0          0   (incl. Generated)
        38          0          2          9          2          0   (incl. Padding)

    ----------------------------------------------------------------------

      Code (inc. data)   RO Data    RW Data    ZI Data      Debug   Library Member Name

        90          0          0          0          0          0   __dczerorl2.o
         8          0          0          0          0         68   __main.o
         0          0          0          0          0          0   __rtentry.o
        12          0          0          0          0          0   __rtentry2.o
         6          0          0          0          0          0   __rtentry4.o
        52          8          0          0          0          0   __scatter.o
        28          0          0          0          0          0   __scatter_zi.o
        10          0          0          0          0         68   defsig_exit.o
        50          0          0          0          0         88   defsig_general.o
        80         58          0          0          0         76   defsig_rtmem_inner.o
        14          0          0          0          0         80   defsig_rtmem_outer.o
        18          0          0          0          0         80   exit.o
        94          0          0          0          0         80   h1_alloc.o
        52          0          0          0          0         68   h1_extend.o
        78          0          0          0          0         80   h1_free.o
        14          0          0          0          0         84   h1_init.o
         6          0          0          0          0        152   heapauxi.o
         4          0          0          0          0        136   hguard.o
         0          0          0          0          0          0   indicate_semi.o
       138          0          0          0          0        168   init_alloc.o
         2          0          0          0          0          0   libinit.o
        10          0          0          0          0          0   libinit2.o
         2          0          0          0          0          0   libshutdown.o
         2          0          0          0          0          0   libshutdown2.o
         8          4          0          0         96         68   libspace.o
         0          0          0          0          0          0   maybetermalloc1.o
         8          4          0          0          0         68   rt_heap_descriptor_intlibspace.o
        68          0          0          0          0         68   rt_memclr.o
        78          0          0          0          0         80   rt_memclr_w.o
       138          0          0          0          0         68   rt_memcpy_v6.o
       100          0          0          0          0         80   rt_memcpy_w.o
         2          0          0          0          0          0   rtexit.o
        10          0          0          0          0          0   rtexit2.o
        12          4          0          0          0         68   sys_exit.o
        74          0          0          0          0         80   sys_stackheap_outer.o
        14          0          0          0          0         76   sys_wrch.o
         2          0          0          0          0         68   use_no_semi.o

    ----------------------------------------------------------------------
      1292         78          0          0        100       1952   Library Totals
         8          0          0          0          4          0   (incl. Padding)

    ----------------------------------------------------------------------

      Code (inc. data)   RO Data    RW Data    ZI Data      Debug   Library Name

      1284         78          0          0         96       1952   c_w.l

    ----------------------------------------------------------------------
      1292         78          0          0        100       1952   Library Totals

    ----------------------------------------------------------------------

==============================================================================


      Code (inc. data)   RO Data    RW Data    ZI Data      Debug   

     22316       1128       2088        552      19848     747307   Grand Totals
     22316       1128       2088        208      19848     747307   ELF Image Totals (compressed)
     22316       1128       2088        208          0          0   ROM Totals

==============================================================================

    Total RO  Size (Code + RO Data)                24404 (  23.83kB)
    Total RW  Size (RW Data + ZI Data)             20400 (  19.92kB)
    Total ROM Size (Code + RO Data + RW Data)      24612 (  24.04kB)

==============================================================================

